
> auditoria-obra@0.1.0 test:performance
> node --experimental-strip-types --test scripts/test-audit-detail-loader.mjs scripts/test-audit-detail-routes.mjs scripts/test-audit-history.mjs scripts/test-pdf-worker.mjs scripts/test-deferred-catalogs.mjs scripts/test-access-summary.mjs scripts/test-audit-photo-store.mjs scripts/test-photo-thumbnails.mjs scripts/test-photo-thumbnail-routes.mjs scripts/test-agenda-sync.mjs scripts/test-audit-comparison.mjs scripts/test-audit-comparison-loader.mjs scripts/test-paged-audit-history.mjs scripts/test-audit-history-loader.mjs scripts/test-audit-dashboard.mjs scripts/test-audit-dashboard-cache.mjs scripts/test-follow-up-workspace.mjs scripts/test-follow-up-photo-loader.mjs scripts/test-follow-up-display.mjs scripts/test-follow-up-visit.mjs scripts/test-follow-up-mutations.mjs scripts/test-follow-up-report-page.mjs scripts/test-follow-up-pdf.mjs scripts/test-follow-up-pdf-routes.mjs scripts/test-follow-up-report-sections.mjs scripts/test-follow-up-findings.mjs scripts/test-follow-up-photos.mjs scripts/test-access-context-reads.mjs scripts/test-effective-access.mjs scripts/test-active-profile.mjs scripts/test-workspace-context.mjs scripts/test-agenda-session.mjs scripts/test-reference-documents.mjs scripts/test-follow-up-pdf-resource.mjs scripts/test-workspace-sections.mjs scripts/test-administration-pages.mjs scripts/test-administration-render.mjs scripts/test-agenda-rendering.mjs scripts/test-agenda.mjs scripts/test-agenda-batch.mjs scripts/test-session-request-cache.mjs scripts/test-agenda-compact.mjs scripts/test-agenda-detail-route.mjs scripts/test-access-lazy-forms.mjs scripts/test-administration-streaming.mjs

(node:55216) [MODULE_TYPELESS_PACKAGE_JSON] Warning: Module type of file:///private/tmp/dialogo-jobs-validation/src/lib/auth/effective-access.ts is not specified and it doesn't parse as CommonJS.
Reparsing as ES module because module syntax was detected. This incurs a performance overhead.
To eliminate this warning, add "type": "module" to /private/tmp/dialogo-jobs-validation/package.json.
(Use `node --trace-warnings ...` to show where the warning was created)
✔ all selected profiles and scopes use one exact RPC and preserve the previous presentation (13.67975ms)
✔ account plus selected workspace takes two data calls and isolates the selected profile (0.641333ms)
✔ invalid selections, foreign identities and ungranted scopes are denied before the RPC (0.238333ms)
✔ malformed, foreign or mixed-profile projections fail as a whole (0.541416ms)
✔ empty current scopes remain valid and administrative contexts accept only the authorized catalog (0.218542ms)
✔ large scopes are complete rather than silently capped at 400 grants or 1000 works (9.956584ms)
✔ every read checks current grants again and provider errors never reuse earlier authorization (0.618584ms)
(node:55217) [MODULE_TYPELESS_PACKAGE_JSON] Warning: Module type of file:///private/tmp/dialogo-jobs-validation/src/app/components/recover-action.ts is not specified and it doesn't parse as CommonJS.
Reparsing as ES module because module syntax was detected. This incurs a performance overhead.
To eliminate this warning, add "type": "module" to /private/tmp/dialogo-jobs-validation/package.json.
(Use `node --trace-warnings ...` to show where the warning was created)
✔ twenty closed access editors render only their triggers, without replicated work selectors (15.448084ms)
✔ closed approval cards preserve summaries while deferring all approval forms and confirmation dialogs (11.484667ms)
✔ empty approval page retains its eligibility explanation without mounting forms (0.229ms)
(node:55218) [MODULE_TYPELESS_PACKAGE_JSON] Warning: Module type of file:///private/tmp/dialogo-jobs-validation/src/lib/auth/active-profile.ts is not specified and it doesn't parse as CommonJS.
Reparsing as ES module because module syntax was detected. This incurs a performance overhead.
To eliminate this warning, add "type": "module" to /private/tmp/dialogo-jobs-validation/package.json.
(Use `node --trace-warnings ...` to show where the warning was created)
✔ anonymous, pending, revoked or unselected sessions never execute aggregate queries (54.386667ms)
✔ selected profile must be General Administration even when account owns several profiles (6.820041ms)
✔ stale user, profile, Engineering scope or Administrative scope causes no aggregate queries (2.472042ms)
✔ database administrator authority is required before either aggregate is read (0.552791ms)
✔ valid request uses exactly two HEAD counts with the correct confirmation and active filters (2.714042ms)
✔ session cookie supplies authority when optional display identity is omitted (0.732541ms)
✔ missing or invalid counts and provider failure stay unavailable rather than becoming zero (3.353625ms)
✔ client sends current identity and bypasses cache on every mount/retry (2.089125ms)
✔ client reports authorization/fetch/data failures and retries without keeping an old count (1.546834ms)
(node:55219) [MODULE_TYPELESS_PACKAGE_JSON] Warning: Module type of file:///private/tmp/dialogo-jobs-validation/src/lib/auth/active-profile.ts is not specified and it doesn't parse as CommonJS.
Reparsing as ES module because module syntax was detected. This incurs a performance overhead.
To eliminate this warning, add "type": "module" to /private/tmp/dialogo-jobs-validation/package.json.
(Use `node --trace-warnings ...` to show where the warning was created)
✔ Every authorized profile round-trips as a versioned preference without credentials (12.51425ms)
✔ Malformed, oversized, unknown, and unversioned cookies never select a profile (1.426166ms)
✔ A preference belongs to the current identity and cannot activate an ungranted profile (0.130875ms)
✔ Revoked profiles and inactive or missing accounts invalidate an earlier choice (0.141083ms)
✔ Every account with a single assigned profile is automatic (9.951708ms)
✔ Form selection rejects duplicate, missing, unknown, file, or ungranted values (16.355ms)
✔ Choosing Engineering cannot modify the approved Engineering scope or supply a redirect (14.475083ms)
✔ General administration and both approved Engineering scopes produce seven distinct choices (0.596083ms)
✔ General administrator can select both discipline views, but scoped administrators cannot widen access (0.267208ms)
✔ Engineering with two scopes enters its registered primary scope when it is the only profile (0.297459ms)
✔ Version 2 requires an explicit valid Engineering scope and rejects scopes for other profiles (0.315458ms)
✔ Legacy v1 Engineering selects only its existing authorized primary scope (0.099625ms)
✔ Engineering forms reject absent, duplicate, malformed and ungranted scopes (0.142625ms)
✔ Protected workspace rejects anonymous and pending sessions and asks multi-profile users to choose (0.785166ms)
✔ A single approved profile reaches the protected workspace without a preference cookie (0.116375ms)
✔ Protected workspace rechecks current grants, identity and Auth activity on every entry (0.279958ms)
✔ Protected workspace observes scope removal and returns only the selected Engineering activity (0.225ms)
✔ Duplicate preference cookies fail closed for multiple profiles (0.101708ms)
✔ Administration requires the active Administrative view and the independent database check (0.309583ms)
✔ Profile action writes only a current approved choice and always redirects inside the workspace (0.402167ms)
✔ The report profile choice returns to the editor only for an approved auditor (0.250375ms)
✔ Report return targets cannot redirect to arbitrary URLs or accept duplicate values (0.259667ms)
✔ Preference cookies are HttpOnly, local-preview compatible and Secure for HTTPS (0.234708ms)
✔ Successful login clears the previous choice without changing the validated pending checkpoint (0.362417ms)
✔ Successful logout clears the choice, while a failed logout leaves the session context unchanged (0.14ms)
(node:55220) [MODULE_TYPELESS_PACKAGE_JSON] Warning: Module type of file:///private/tmp/dialogo-jobs-validation/src/lib/access/administration-service.ts is not specified and it doesn't parse as CommonJS.
Reparsing as ES module because module syntax was detected. This incurs a performance overhead.
To eliminate this warning, add "type": "module" to /private/tmp/dialogo-jobs-validation/package.json.
(Use `node --trace-warnings ...` to show where the warning was created)
✔ summary, pending and history request just their view using one database snapshot (1.7795ms)
✔ summary never exposes unrelated user or work payloads returned by a provider (0.14675ms)
✔ empty and out of range pages retain valid counts and the full works catalog (0.21ms)
✔ invalid requested views and pages are rejected without any provider call (17.809542ms)
✔ invalid envelopes, counts and incomplete or duplicated pages fail closed (2.3205ms)
✔ pending requests must have their confirmed identity and renderable fields (0.277209ms)
✔ foreign decisions, grants and target snapshots invalidate the complete user page (0.531333ms)
✔ legacy immutable decisions and inactive-work grants retain their original shapes (0.19375ms)
✔ edit snapshots retain administrative scopes and require safe fields for the change description (0.376458ms)
✔ selected user history and active works remain complete beyond 1000 records (31.140083ms)
✔ every call revalidates current authorization and errors never reuse a previous page (0.382667ms)
(node:55221) [MODULE_TYPELESS_PACKAGE_JSON] Warning: Module type of file:///private/tmp/dialogo-jobs-validation/src/lib/auth/display-name.ts is not specified and it doesn't parse as CommonJS.
Reparsing as ES module because module syntax was detected. This incurs a performance overhead.
To eliminate this warning, add "type": "module" to /private/tmp/dialogo-jobs-validation/package.json.
(Use `node --trace-warnings ...` to show where the warning was created)
✔ administration landing requests counts only and retains links (5.111375ms)
✔ pending page uses its server page and complete work choices without reading history (0.598417ms)
✔ history page is not sliced a second time and preserves account, scope and legacy history display (1.505917ms)
✔ unavailable views retain their retry page and never render mutation forms (0.562666ms)
✔ unauthorized rendering does not load any administrative page (0.284667ms)
(node:55222) [MODULE_TYPELESS_PACKAGE_JSON] Warning: Module type of file:///private/tmp/dialogo-jobs-validation/src/lib/auth/display-name.ts is not specified and it doesn't parse as CommonJS.
Reparsing as ES module because module syntax was detected. This incurs a performance overhead.
To eliminate this warning, add "type": "module" to /private/tmp/dialogo-jobs-validation/package.json.
(Use `node --trace-warnings ...` to show where the warning was created)
✔ users: authorization gates identity and data; a slow name does not block the list (97.674834ms)
✔ users: rejected authorization never reads names or administrative data (11.238667ms)
✔ pending: authorization gates identity and data; a slow name does not block the list (44.180083ms)
✔ pending: rejected authorization never reads names or administrative data (10.42375ms)
✔ history: authorization gates identity and data; a slow name does not block the list (58.925792ms)
✔ history: rejected authorization never reads names or administrative data (26.250667ms)
✔ the named header streams while a slow list retains its own loading state (21.836833ms)
✔ email-derived names render without a name query on every administrative route (13.059708ms)
✔ missing or blank display names retain the authenticated email, or the generic user fallback (11.633334ms)
✔ all administrative pages normalize invalid pagination before starting list reads (74.155125ms)
✔ route loading UIs are accessible neutral shells and make no authenticated reads (1.755375ms)
(node:55223) [MODULE_TYPELESS_PACKAGE_JSON] Warning: Module type of file:///private/tmp/dialogo-jobs-validation/src/lib/agenda/batch-service.ts is not specified and it doesn't parse as CommonJS.
Reparsing as ES module because module syntax was detected. This incurs a performance overhead.
To eliminate this warning, add "type": "module" to /private/tmp/dialogo-jobs-validation/package.json.
(Use `node --trace-warnings ...` to show where the warning was created)
✔ batch accepts 1 to 200 valid rows and rejects duplicate canonical request UUIDs, empty or invalid items (7.136416ms)
✔ mixed batch creates once and refreshes once regardless of number of visits (1.88375ms)
✔ invalid payload or unauthorized single row rejects complete batch before any RPC (0.16825ms)
✔ SQL error preserves safe retries and never reads partial or supposedly successful snapshot (0.296375ms)
✔ invalid response cannot silently accept a partial batch (0.205333ms)
✔ unavailable final read still reports committed batch and does not resubmit mutation (0.155958ms)
✔ retry forwards exactly the same per-row UUIDs and catches unknown network failure without success (0.200667ms)
(node:55224) [MODULE_TYPELESS_PACKAGE_JSON] Warning: Module type of file:///private/tmp/dialogo-jobs-validation/src/lib/agenda/service.ts is not specified and it doesn't parse as CommonJS.
Reparsing as ES module because module syntax was detected. This incurs a performance overhead.
To eliminate this warning, add "type": "module" to /private/tmp/dialogo-jobs-validation/package.json.
(Use `node --trace-warnings ...` to show where the warning was created)
✔ legacy synchronization remains compatible for tabs opened before deployment (1.46875ms)
✔ compact snapshot keeps every visit and exact notification time without notes or histories (25.027792ms)
✔ incomplete or unauthorized compact rows fail closed instead of fabricating empty details (1.640459ms)
✔ detail reads exactly one authorized visit and keeps complete rescheduling history (3.42225ms)
✔ detail null, denied, malformed, wrong target and provider failure remain distinct (0.694875ms)
✔ display actor comparison rejects stale user, profile, scope, module and duplicate parameters (0.352542ms)
✔ browser detail requests are private, abortable, tied to current visit revision and never expose provider errors (32.812625ms)
(node:55225) [MODULE_TYPELESS_PACKAGE_JSON] Warning: Module type of file:///private/tmp/dialogo-jobs-validation/src/lib/agenda/detail-client.ts is not specified and it doesn't parse as CommonJS.
Reparsing as ES module because module syntax was detected. This incurs a performance overhead.
To eliminate this warning, add "type": "module" to /private/tmp/dialogo-jobs-validation/package.json.
(Use `node --trace-warnings ...` to show where the warning was created)
✔ detail route authenticates selected context before reading the target (35.301917ms)
✔ detail route refuses stale displayed identity or scope and sends no private content (3.928167ms)
✔ detail route reads one exact visit and never permits browser or intermediary caching (1.52225ms)
✔ removed, revoked and unavailable details never appear as an empty successful note (0.696959ms)
(node:55226) [MODULE_TYPELESS_PACKAGE_JSON] Warning: Module type of file:///private/tmp/dialogo-jobs-validation/src/lib/agenda/spreadsheet-client.ts is not specified and it doesn't parse as CommonJS.
Reparsing as ES module because module syntax was detected. This incurs a performance overhead.
To eliminate this warning, add "type": "module" to /private/tmp/dialogo-jobs-validation/package.json.
(Use `node --trace-warnings ...` to show where the warning was created)
✔ administrative: cards are bounded but calendar totals remain complete (39.630084ms)
✔ quality-auditor: cards are bounded but calendar totals remain complete (14.205583ms)
✔ engineering: cards are bounded but calendar totals remain complete (8.959541ms)
✔ authorization and invalid dates are applied before list pagination and calendar totals (52.37725ms)
✔ admin calendar includes follow-ups from every authorized professional without selecting a filter (27.333709ms)
✔ admin overview includes all visit kinds while engineering coordination keeps only audits (22.465042ms)
✔ short and empty lists do not show unnecessary page controls (22.257417ms)
✔ cards used elsewhere keep their initial open state and audit action (1.584584ms)
(node:55227) [MODULE_TYPELESS_PACKAGE_JSON] Warning: Module type of file:///private/tmp/dialogo-jobs-validation/src/lib/auth/active-profile.ts is not specified and it doesn't parse as CommonJS.
Reparsing as ES module because module syntax was detected. This incurs a performance overhead.
To eliminate this warning, add "type": "module" to /private/tmp/dialogo-jobs-validation/package.json.
(Use `node --trace-warnings ...` to show where the warning was created)
✔ Agenda actions authenticate before any payload, displayed-context or DAL work (1.14775ms)
✔ Every action rejects stale identity, profile and Engineering activity before workspace reads or mutations (2.302083ms)
✔ Current account approval and cookie choice are required even when displayed context still matches (0.272042ms)
✔ Valid actions pass the verified active context and writable session client to the intended DAL operation (0.399709ms)
✔ Failure to rebuild authorized workspace prevents action mutation (0.107125ms)
✔ GET returns private uncached 401/403 without agenda data for anonymous, pending, revoked or unselected sessions (50.653833ms)
✔ GET rejects displayed identity/profile/activity mismatch before invoking workspace or agenda readers (2.312125ms)
✔ Valid GET uses cookie-selected identity/activity and session client and preserves no-store headers (0.571667ms)
✔ GET cannot expose stale data when workspace or persistent agenda is unavailable (0.632875ms)
✔ new tabs request compact synchronization while pre-deployment tabs keep full details (0.400583ms)
✔ conditional GET authenticates on every poll and returns zero body only for unchanged data (1.296833ms)
✔ conditional GET ignores malformed or wildcard tokens and exposes no token for failed reads (2.689166ms)
(node:55228) [MODULE_TYPELESS_PACKAGE_JSON] Warning: Module type of file:///private/tmp/dialogo-jobs-validation/src/lib/agenda/sync-client.ts is not specified and it doesn't parse as CommonJS.
Reparsing as ES module because module syntax was detected. This incurs a performance overhead.
To eliminate this warning, add "type": "module" to /private/tmp/dialogo-jobs-validation/package.json.
(Use `node --trace-warnings ...` to show where the warning was created)
✔ unchanged poll preserves the snapshot and only reports loading start/end (31.495583ms)
✔ temporary failures preserve available data; recovery clears error; authorization failure clears data (4.9865ms)
✔ one poll at a time; changing profile/disposal prevents old results from applying (0.351ms)
✔ late response and late JSON parsing cannot overwrite a completed mutation (1.037792ms)
✔ publication cancels a pending read, clears its token and prevents a completed visit returning (0.281875ms)
✔ mutation idempotency survives retry, unknown success forces a full read, and profile cancellation discards mutation (0.347458ms)
✔ invalid or unsolicited 304 never clears existing errors or introduces a snapshot (0.241625ms)
✔ server DAL performs one conditional RPC and validates unchanged revision before accepting it (0.223083ms)
✔ native browser fetch is invoked without assigning the synchronizer as its receiver (0.13525ms)
(node:55229) [MODULE_TYPELESS_PACKAGE_JSON] Warning: Module type of file:///private/tmp/dialogo-jobs-validation/src/lib/agenda/contracts.ts is not specified and it doesn't parse as CommonJS.
Reparsing as ES module because module syntax was detected. This incurs a performance overhead.
To eliminate this warning, add "type": "module" to /private/tmp/dialogo-jobs-validation/package.json.
(Use `node --trace-warnings ...` to show where the warning was created)
✔ creation validates exact fields, real dates, discipline/model and canonical UUIDs (1.151084ms)
✔ confirmation and deletion require a stable request key and integer revision (0.126709ms)
✔ snapshot sends selected profile and strips fields outside the public agenda contract (0.900375ms)
✔ General administrator discipline views omit visits and auditors from the other module (0.344292ms)
✔ auditor bell includes only their pending visits, with a link to the exact visit (0.36ms)
✔ auditoria designada fornece nome mínimo e confirmação sem incluir obra nos acessos (0.803875ms)
✔ lista administrativa inclui auditores sem obras de acompanhamento (0.287708ms)
✔ snapshots fail closed for inconsistent, duplicate and unauthorized records (0.819375ms)
✔ new scheduling reaches only the admin RPC with exact fields and no caller override (0.333291ms)
✔ work follow-up schedules without a model and still asks the assigned professional to confirm (0.347583ms)
✔ confirmation is scoped to the currently selected auditor before mutation (0.2255ms)
✔ only the administrator can delete a current visit, removing its notifications (0.21875ms)
✔ publicação remove a visita e suas notificações da agenda ativa (0.117708ms)
✔ a concurrent revision change cannot produce a stale confirmed message (0.189333ms)
✔ conflicts, uncertain writes and provider diagnostics never become fake success (0.244209ms)
✔ notification uses the work name from the same agenda snapshot as its revision (0.272333ms)
(node:55230) [MODULE_TYPELESS_PACKAGE_JSON] Warning: Module type of file:///private/tmp/dialogo-jobs-validation/src/lib/audits/comparison-loader.ts is not specified and it doesn't parse as CommonJS.
Reparsing as ES module because module syntax was detected. This incurs a performance overhead.
To eliminate this warning, add "type": "module" to /private/tmp/dialogo-jobs-validation/package.json.
(Use `node --trace-warnings ...` to show where the warning was created)
✔ history loads only on demand, batches three answers and reuses a profile cache (19.83325ms)
✔ overlapping requests share in-flight IDs and fetch only missing comparisons (0.558875ms)
✔ missing records remain errors and a retry requests only the absent audit (0.493542ms)
✔ unavailable, invalid or out-of-context payloads cannot become comparison data (5.590042ms)
✔ synchronous failures and HTTP denial can be retried without a stuck in-flight entry (6.338625ms)
✔ profile disposal clears cached answers and ignores late network and JSON completions (7.111125ms)
✔ StrictMode cancellation can restart immediately and old responses cannot overwrite it (0.822875ms)
✔ cache stays bounded and an evicted history loads again; invalid batches never fetch (7.564291ms)
(node:55231) [MODULE_TYPELESS_PACKAGE_JSON] Warning: Module type of file:///private/tmp/dialogo-jobs-validation/src/lib/auth/active-profile.ts is not specified and it doesn't parse as CommonJS.
Reparsing as ES module because module syntax was detected. This incurs a performance overhead.
To eliminate this warning, add "type": "module" to /private/tmp/dialogo-jobs-validation/package.json.
(Use `node --trace-warnings ...` to show where the warning was created)
✔ comparison authenticates and rejects inactive, pending or unselected sessions before RPC (41.340916ms)
✔ comparison rejects stale identity, profile, engineering and administrative scopes (2.114208ms)
✔ comparison IDs accept at most three distinct UUIDs and normalize case (1.435375ms)
✔ one compact RPC uses selected profile and exact IDs without Storage, preserving answer strings (2.239541ms)
✔ unknown or individually denied audits remain absent, not loaded empty responses (0.434792ms)
✔ service rejects malformed or unrequested rows and scoped work/module mismatches (0.239167ms)
✔ service projects only five fields and failures never include partial comparison data (0.362583ms)
(node:55232) [MODULE_TYPELESS_PACKAGE_JSON] Warning: Module type of file:///private/tmp/dialogo-jobs-validation/src/lib/audits/dashboard-service.ts is not specified and it doesn't parse as CommonJS.
Reparsing as ES module because module syntax was detected. This incurs a performance overhead.
To eliminate this warning, add "type": "module" to /private/tmp/dialogo-jobs-validation/package.json.
(Use `node --trace-warnings ...` to show where the warning was created)
✔ cache hits still authorize one conditional RPC per request and skip full history when unchanged (4.990167ms)
✔ new publication or narrower authorized projection replaces every cached aggregate (0.877666ms)
✔ RPC errors, exceptions and invalid revision responses never serve a stale summary (3.466084ms)
✔ expired entries refetch full metadata before becoming reusable again (0.879333ms)
✔ changed snapshots cannot cache a partial subtotal after scope drift or invalid rows (1.585ms)
✔ cache isolates actors, selected profiles, scopes, effective modules, grants and work names (1.132125ms)
✔ cached outputs cannot be mutated by a caller and independent server processes cold-load safely (0.297083ms)
✔ entry and byte limits bound cache memory; oversized summaries remain correct without caching (0.428667ms)
✔ byte accounting caches computed summaries without retaining the much larger overview (18.052125ms)
✔ local overlays force full authorized input and never poison the cached persisted summary (1.111667ms)
✔ concurrent readers each authorize and cache hints never substitute for their database snapshot (0.417292ms)
(node:55233) [MODULE_TYPELESS_PACKAGE_JSON] Warning: Module type of file:///private/tmp/dialogo-jobs-validation/src/lib/audits/dashboard.ts is not specified and it doesn't parse as CommonJS.
Reparsing as ES module because module syntax was detected. This incurs a performance overhead.
To eliminate this warning, add "type": "module" to /private/tmp/dialogo-jobs-validation/package.json.
(Use `node --trace-warnings ...` to show where the warning was created)
{"dashboardPayloadBytes":{"before":4370098,"after":414586,"reduction":0.9051},"audits":2000,"findings":10000}
✔ complete counts and plan groups remain independent of a ten-row history page (2.009ms)
✔ precomputed rankings preserve duplicate conflicts, ties, zero scores and annual means (15.142792ms)
✔ recurrence counts audits once and keeps quantitative subitems in their original detail order (0.298709ms)
✔ scope filtering excludes every metric, ranking and finding from other works/modules (0.301833ms)
✔ serious overview combines active follow-up findings with serious audit items (0.161417ms)
✔ overlay accepts only this auditor's authorized, published session records and discards evidence fields (2.506834ms)
✔ server recomputes local publication overlays against all history, including items entering the top five (3.578291ms)
✔ summary service restricts auditor discipline even when the account has multiple modules (0.841375ms)
✔ dashboard HTTP routes authenticate before reads and validate private bounded overlays (54.278792ms)
✔ large history becomes aggregates rather than full publication metadata and finding rows (56.46ms)
(node:55234) [MODULE_TYPELESS_PACKAGE_JSON] Warning: Module type of file:///private/tmp/dialogo-jobs-validation/src/lib/audits/detail-loader.ts is not specified and it doesn't parse as CommonJS.
Reparsing as ES module because module syntax was detected. This incurs a performance overhead.
To eliminate this warning, add "type": "module" to /private/tmp/dialogo-jobs-validation/package.json.
(Use `node --trace-warnings ...` to show where the warning was created)
✔ opening an audit fetches once, reuses concurrent demand and sends the active profile (40.421375ms)
✔ changing profile cancels pending details and cannot apply a late response (0.34525ms)
✔ failed detail loading keeps an explicit error and allows a successful retry (0.511209ms)
✔ mismatching or incomplete audit details cannot replace the selected audit (0.763375ms)
✔ a profile owns its own cache and unavailable audit IDs cause no request (24.01ms)
✔ paged histories can open an authorized audit absent from the initial index (6.207084ms)
✔ unlisted details still reject denial and a response for another audit (0.411459ms)
(node:55235) [MODULE_TYPELESS_PACKAGE_JSON] Warning: Module type of file:///private/tmp/dialogo-jobs-validation/src/lib/auth/active-profile.ts is not specified and it doesn't parse as CommonJS.
Reparsing as ES module because module syntax was detected. This incurs a performance overhead.
To eliminate this warning, add "type": "module" to /private/tmp/dialogo-jobs-validation/package.json.
(Use `node --trace-warnings ...` to show where the warning was created)
✔ both routes authenticate and reject pending, inactive or unselected sessions before audit reads (42.560417ms)
✔ stale identity, profile, activity and administrative scope never reach workspace or audit DAL (2.177791ms)
✔ request context is rebuilt from the verified account and cookie, including requests without identity query (0.348958ms)
✔ workspace revocation and malformed audit IDs fail before detail or report storage work (0.775625ms)
✔ detail GET uses exactly the selected audit and verified profile, with private response and evidence (16.56075ms)
✔ an inaccessible audit is a private 404 and cannot reveal another publication or sign its files (1.274625ms)
✔ RPC and Storage failures return private 503 responses without redirecting (1.8075ms)
✔ a report signing error cannot redirect even when the adapter also returns stale signed data (0.23675ms)
✔ report GET signs only the requested PDF after authorization and redirects without caching (0.236792ms)
(node:55236) [MODULE_TYPELESS_PACKAGE_JSON] Warning: Module type of file:///private/tmp/dialogo-jobs-validation/src/lib/audits/history-loader.ts is not specified and it doesn't parse as CommonJS.
Reparsing as ES module because module syntax was detected. This incurs a performance overhead.
To eliminate this warning, add "type": "module" to /private/tmp/dialogo-jobs-validation/package.json.
(Use `node --trace-warnings ...` to show where the warning was created)
✔ pages load only on demand, deduplicate canonical filters and bind native fetch correctly (30.856ms)
✔ coordination batches matching quality and safety pages behind one authenticated request (0.688833ms)
✔ separate filters and pages cannot overwrite each other after responses arrive out of order (1.883083ms)
✔ only the final subscriber leaving aborts pending work; StrictMode resubscription reuses it (1.338166ms)
✔ expired pages revalidate and temporary failures preserve rows while explicit retry recovers (1.518292ms)
✔ authorization denial clears cached pages and rejects late successful responses (1.670792ms)
✔ cancel prevents late JSON writes and allows a new StrictMode request for the same page (0.538ms)
✔ cache has at most twelve inactive pages, evicted pages reload and profiles never share data (1.814292ms)
✔ malformed pages, foreign findings and unrequested filters never become ready (5.282042ms)
✔ projection excludes detail fields and permits valid empty pages beyond the end (0.363208ms)
✔ invalid queries never fetch, and synchronous failures can be retried (0.391292ms)
(node:55237) [MODULE_TYPELESS_PACKAGE_JSON] Warning: Module type of file:///private/tmp/dialogo-jobs-validation/src/domain/audit-history.ts is not specified and it doesn't parse as CommonJS.
Reparsing as ES module because module syntax was detected. This incurs a performance overhead.
To eliminate this warning, add "type": "module" to /private/tmp/dialogo-jobs-validation/package.json.
(Use `node --trace-warnings ...` to show where the warning was created)
✔ o histórico percorre todas as auditorias uma vez e mantém a ordem entre datas iguais (8.829ms)
✔ limites vazios, páginas inválidas e redução dos dados não criam uma página vazia (0.211666ms)
✔ mudar obra, disciplina ou perfil volta à primeira página e o retorno não restaura página antiga (0.102209ms)
✔ apontamentos são paginados por auditoria preservando todos os itens da auditoria expandida (0.315333ms)
(node:55238) [MODULE_TYPELESS_PACKAGE_JSON] Warning: Module type of file:///private/tmp/dialogo-jobs-validation/src/lib/audits/photo-store.ts is not specified and it doesn't parse as CommonJS.
Reparsing as ES module because module syntax was detected. This incurs a performance overhead.
To eliminate this warning, add "type": "module" to /private/tmp/dialogo-jobs-validation/package.json.
(Use `node --trace-warnings ...` to show where the warning was created)
✔ evidence shared between items, checks and audits survives until its last reference is removed (1.21325ms)
✔ reopening the form and publishing keep referenced originals for previews and PDF generation (0.252792ms)
✔ different photos with the same camera filename never overwrite existing evidence (0.174417ms)
✔ discarded and unreferenced selected files are released without affecting another draft (0.1485ms)
✔ cancelling an evidence request prevents a late fetch from retaining its File (0.177625ms)
✔ a response arriving after removal of the last reference cannot repopulate the cache (0.103458ms)
✔ closing a workspace releases files and invalidates pending work even if it later reopens (0.173167ms)
(node:55239) [MODULE_TYPELESS_PACKAGE_JSON] Warning: Module type of file:///private/tmp/dialogo-jobs-validation/src/lib/catalogs/deferred-loader.ts is not specified and it doesn't parse as CommonJS.
Reparsing as ES module because module syntax was detected. This incurs a performance overhead.
To eliminate this warning, add "type": "module" to /private/tmp/dialogo-jobs-validation/package.json.
(Use `node --trace-warnings ...` to show where the warning was created)
✔ does not fetch before demand; concurrent tabs share one request and reopening uses loaded data (25.20425ms)
✔ starting a new audit explicitly refreshes the revision and never accepts a failed load as a bundled catalog (1.490916ms)
✔ errors permit retry and only the explicit missing-migration signal allows initial catalog fallback (0.42325ms)
✔ profile disposal discards late replies and a strict-mode restart can load again (0.463542ms)
✔ saving a catalog replaces cached data and an older request cannot overwrite the saved revision (2.442917ms)
✔ catalog endpoint fails closed before reading and keeps every response private (2.172291ms)
(node:55240) [MODULE_TYPELESS_PACKAGE_JSON] Warning: Module type of file:///private/tmp/dialogo-jobs-validation/src/lib/auth/effective-access.ts is not specified and it doesn't parse as CommonJS.
Reparsing as ES module because module syntax was detected. This incurs a performance overhead.
To eliminate this warning, add "type": "module" to /private/tmp/dialogo-jobs-validation/package.json.
(Use `node --trace-warnings ...` to show where the warning was created)
✔ A verified General administrator with one profile enters the workspace directly (1.19775ms)
✔ Missing account RPC or missing administrative scope fails closed without legacy fallback (1.175042ms)
✔ Approved single auditor and engineering profiles enter their workspace (2.364042ms)
✔ All four authorized profiles require an explicit profile choice (0.527291ms)
✔ Combined technical profiles never imply administration (0.398416ms)
✔ An Engineering-only account with both authorized scopes enters its primary scope directly (0.413792ms)
✔ Missing, duplicate, unknown, unordered or incompatible Engineering scope arrays fail closed (0.615042ms)
✔ Missing, duplicated, unknown, noncanonical, or conflicting profile sets fail closed (0.651125ms)
✔ Missing verified identity, corporate email, or confirmation denies access before database reads (0.396125ms)
✔ Both database records must belong to the verified identity (0.655417ms)
✔ Pending, unconfirmed, inactive, missing, or malformed authorization records fail closed (0.8425ms)
✔ Self-declared metadata cannot turn a pending request into an effective account (0.226083ms)
✔ Failed reads, missing authority RPC, and transport failures never grant access (0.355166ms)
✔ Every new server read observes account revocation and Auth bans even with the same session (0.255917ms)
(node:55241) [MODULE_TYPELESS_PACKAGE_JSON] Warning: Module type of file:///private/tmp/dialogo-jobs-validation/src/lib/follow-up/display.ts is not specified and it doesn't parse as CommonJS.
Reparsing as ES module because module syntax was detected. This incurs a performance overhead.
To eliminate this warning, add "type": "module" to /private/tmp/dialogo-jobs-validation/package.json.
(Use `node --trace-warnings ...` to show where the warning was created)
✔ active findings preserve draft precedence, latest report text and per-visit completion (20.206708ms)
✔ same timestamp preserves source order and empty/completed lists do not create findings (0.175ms)
(node:55242) [MODULE_TYPELESS_PACKAGE_JSON] Warning: Module type of file:///private/tmp/dialogo-jobs-validation/src/lib/follow-up/findings.ts is not specified and it doesn't parse as CommonJS.
Reparsing as ES module because module syntax was detected. This incurs a performance overhead.
To eliminate this warning, add "type": "module" to /private/tmp/dialogo-jobs-validation/package.json.
(Use `node --trace-warnings ...` to show where the warning was created)
✔ Findings saved before a report are read through the profile scoped RPC (1.146834ms)
✔ Saving a finding passes its revision and rejects invalid text before RPC (0.255584ms)
✔ Unauthorized profiles and stale revisions cannot save findings (4.154625ms)
(node:55243) [MODULE_TYPELESS_PACKAGE_JSON] Warning: Module type of file:///private/tmp/dialogo-jobs-validation/src/app/follow-up/actions.ts is not specified and it doesn't parse as CommonJS.
Reparsing as ES module because module syntax was detected. This incurs a performance overhead.
To eliminate this warning, add "type": "module" to /private/tmp/dialogo-jobs-validation/package.json.
(Use `node --trace-warnings ...` to show where the warning was created)
✔ save resolves server findings from one target snapshot and performs only the authoritative save RPC (1.922458ms)
✔ save fails closed on missing snapshot, unauthorized visit, changed source, future or unconfirmed visit (0.372708ms)
✔ save service preserves closed revision and SQL concurrency/current-access errors without rereading agenda (1.312167ms)
✔ completing a draft uses its exact revision and deletes only that finding's private photos (18.876375ms)
✔ completing a reported finding records completion and never lists or removes its closed-report photos (0.261208ms)
✔ a draft revision conflict cannot mark completion or remove photos (0.141083ms)
✔ photo upload loads just the target visit and returns the freshly confirmed photo list (82.037084ms)
✔ closed, missing, future and unconfirmed visit findings cannot receive photos or reach Storage (0.45375ms)
✔ deletion keeps still-used photos and removes only an unused finding from the authorized visit (0.249333ms)
✔ stale actor and invalid identifiers are rejected before target data or storage reads (0.2095ms)
✔ legacy photo action batches up to 100 visits without per-visit queries (16.979333ms)
(node:55244) [MODULE_TYPELESS_PACKAGE_JSON] Warning: Module type of file:///private/tmp/dialogo-jobs-validation/src/lib/follow-up/report-pdf-resource.ts is not specified and it doesn't parse as CommonJS.
Reparsing as ES module because module syntax was detected. This incurs a performance overhead.
To eliminate this warning, add "type": "module" to /private/tmp/dialogo-jobs-validation/package.json.
(Use `node --trace-warnings ...` to show where the warning was created)
✔ preview, open and download reuse one authenticated PDF and its server file name (46.477458ms)
✔ leaving aborts pending transport and ignores a response that finishes after cancellation (0.366125ms)
✔ immediate disposal cancels before making a network request (0.09675ms)
✔ leaving during blob reading cannot retain a URL or publish a stale report (0.212583ms)
✔ retry after server error fetches again without replacing the saved report or reusing failures (1.893666ms)
✔ synchronous transport failure can retry and a login redirect or invalid document is never displayed (4.072042ms)
✔ old requests cannot overwrite a new load, including Strict Mode disposal and restart (19.985625ms)
✔ separate report/profile resources never share a Blob or pending request (0.527042ms)
✔ subscriptions and download names remain safe across loading, failure, retry and disposal (0.368666ms)
(node:55245) [MODULE_TYPELESS_PACKAGE_JSON] Warning: Module type of file:///private/tmp/dialogo-jobs-validation/src/app/app/acompanhamento/relatorio/%5BvisitId%5D/pdf/route.ts is not specified and it doesn't parse as CommonJS.
Reparsing as ES module because module syntax was detected. This incurs a performance overhead.
To eliminate this warning, add "type": "module" to /private/tmp/dialogo-jobs-validation/package.json.
(Use `node --trace-warnings ...` to show where the warning was created)
✔ auditor and both engineering scopes load the authorized immutable archive without source processing (24.2765ms)
✔ a unique report works without reportId and visualization remains inline (0.540667ms)
✔ unavailable, unauthorized, ambiguous or mismatched report reads never touch Storage (0.958833ms)
✔ cache miss returns a trackable job without listing or decoding photos (0.512208ms)
✔ archive and queue outages fail explicitly without generating partial PDFs (0.397958ms)
✔ archived PDF survives source loss, but revoked report access still denies download (0.576792ms)
(node:55246) [MODULE_TYPELESS_PACKAGE_JSON] Warning: Module type of file:///private/tmp/dialogo-jobs-validation/src/lib/follow-up/pdf-photos.ts is not specified and it doesn't parse as CommonJS.
Reparsing as ES module because module syntax was detected. This incurs a performance overhead.
To eliminate this warning, add "type": "module" to /private/tmp/dialogo-jobs-validation/package.json.
(Use `node --trace-warnings ...` to show where the warning was created)
✔ real PDF derivatives preserve orientation, aspect ratio, alpha and original bytes (145.896ms)
✔ real images reduce PDF bytes while retaining every text section, image and ordering (449.256833ms)
ℹ PDF fixture: 3915323 → 971025 bytes; 9 pages; 4 ordered photos.
✔ global admission bounds concurrent downloads, resize, complete documents and queue (10.873625ms)
✔ timeouts/cancellation reject promptly while retaining occupied slots until real work settles (24.244459ms)
✔ a cancelled queued request starts no download and frees its queue position (0.568ms)
✔ bad images, missing downloads and exhausted byte budgets fail the complete PDF (204.077416ms)
(node:55247) [MODULE_TYPELESS_PACKAGE_JSON] Warning: Module type of file:///private/tmp/dialogo-jobs-validation/src/lib/follow-up/photo-loader.ts is not specified and it doesn't parse as CommonJS.
Reparsing as ES module because module syntax was detected. This incurs a performance overhead.
To eliminate this warning, add "type": "module" to /private/tmp/dialogo-jobs-validation/package.json.
(Use `node --trace-warnings ...` to show where the warning was created)
✔ does not read photos until a row is visible; subscriptions alone are inert (79.889709ms)
✔ two findings from one visit share a request; only the last departure cancels it (28.24625ms)
✔ 50 visits share each batch, at most two batches run, and an offscreen queued visit is skipped (40.253125ms)
✔ StrictMode release and immediate reacquire preserve the shared request (16.030666ms)
✔ upload replacement wins even if the old listing ignores cancellation (17.588917ms)
✔ listing failure is distinct from empty photos and only an explicit retry refetches (35.827791ms)
✔ 401/403 clears cached names, aborts all listings and blocks further reads for this context (76.134584ms)
✔ switching profiles cancels and isolates data, including late responses (28.318917ms)
✔ rejects malformed lists, duplicate filenames and photos belonging to another visit/finding (56.58725ms)
✔ cache is bounded for inactive visits without dropping visits beyond the old 100 limit (1397.632ms)
✔ returning to a visible visit reuses fresh metadata and refreshes it after expiration (45.530916ms)
✔ cancel stops queued reads and a synchronous fetch failure releases concurrency slots (5.682542ms)
✔ releasing or replacing one member does not cancel the other members of a batch (31.676ms)
(node:55248) [MODULE_TYPELESS_PACKAGE_JSON] Warning: Module type of file:///private/tmp/dialogo-jobs-validation/src/lib/follow-up/photos.ts is not specified and it doesn't parse as CommonJS.
Reparsing as ES module because module syntax was detected. This incurs a performance overhead.
To eliminate this warning, add "type": "module" to /private/tmp/dialogo-jobs-validation/package.json.
(Use `node --trace-warnings ...` to show where the warning was created)
✔ photo names and file signatures are validated (1.17975ms)
✔ private photo listing keeps only valid names for the requested visit (0.203083ms)
✔ PDF keeps cover sections and renders a photo on findings pages (110.7715ms)
(node:55249) [MODULE_TYPELESS_PACKAGE_JSON] Warning: Module type of file:///private/tmp/dialogo-jobs-validation/src/lib/follow-up/photos.ts is not specified and it doesn't parse as CommonJS.
Reparsing as ES module because module syntax was detected. This incurs a performance overhead.
To eliminate this warning, add "type": "module" to /private/tmp/dialogo-jobs-validation/package.json.
(Use `node --trace-warnings ...` to show where the warning was created)
✔ report index reads one visit and never lists Storage or sends report bodies to the editor (2.026375ms)
✔ new editor loads only the target snapshot and its photo folder, retaining source findings and revision (0.536792ms)
✔ editor with only work findings needs no visit Storage listing (0.244291ms)
✔ closed report uses only exact detail and leaves all photo reads to its PDF (0.256917ms)
✔ invalid, denied and unavailable visits never reach Storage or masquerade as an empty editor (1.1765ms)
✔ legacy closed report still prevents creating another report from its index (1.671709ms)
(node:55250) [MODULE_TYPELESS_PACKAGE_JSON] Warning: Module type of file:///private/tmp/dialogo-jobs-validation/src/lib/follow-up/service.ts is not specified and it doesn't parse as CommonJS.
Reparsing as ES module because module syntax was detected. This incurs a performance overhead.
To eliminate this warning, add "type": "module" to /private/tmp/dialogo-jobs-validation/package.json.
(Use `node --trace-warnings ...` to show where the warning was created)
✔ report input requires and trims the three independent sections (1.120584ms)
✔ read reports accepts three sections and flags an old database response (0.41775ms)
✔ only checked findings enter the report, using current saved content (0.131792ms)
(node:55251) [MODULE_TYPELESS_PACKAGE_JSON] Warning: Module type of file:///private/tmp/dialogo-jobs-validation/src/lib/follow-up/visit-service.ts is not specified and it doesn't parse as CommonJS.
Reparsing as ES module because module syntax was detected. This incurs a performance overhead.
To eliminate this warning, add "type": "module" to /private/tmp/dialogo-jobs-validation/package.json.
(Use `node --trace-warnings ...` to show where the warning was created)
✔ one visit RPC preserves the full editor payload and persisted visit history (1.8325ms)
✔ one report RPC returns only the selected detail and forwards both engineering scopes (0.644208ms)
✔ absent or denied visits and absent or ambiguous reports remain explicit successful misses (0.229666ms)
✔ wrong roles and malformed requested IDs are rejected before RPC (0.142125ms)
✔ visit projection rejects foreign IDs, owner, module, grants and malformed visit/history fields (0.692167ms)
✔ malformed or duplicate visit children fail the complete snapshot instead of dropping rows (0.791542ms)
✔ report detail checks the requested report and restricts photo references to its findings and work (0.431625ms)
✔ visit lists are not silently limited to 1000 reports or work findings (12.733833ms)
✔ RPC, transport and malformed responses never become successful empty views (0.91275ms)
(node:55252) [MODULE_TYPELESS_PACKAGE_JSON] Warning: Module type of file:///private/tmp/dialogo-jobs-validation/src/app/api/follow-up/list/route.ts is not specified and it doesn't parse as CommonJS.
Reparsing as ES module because module syntax was detected. This incurs a performance overhead.
To eliminate this warning, add "type": "module" to /private/tmp/dialogo-jobs-validation/package.json.
(Use `node --trace-warnings ...` to show where the warning was created)
✔ all follow-up endpoints verify context once and reject unauthenticated/denied requests before data (44.421625ms)
✔ paged HTTP reads only one authorized projection and never accesses Storage (2.210709ms)
✔ all three obsolete bulk endpoints require reload without fetching a partial history (1.696292ms)
✔ query rejects unbounded sizes, malformed cursors, work IDs and oversized searches (0.843542ms)
✔ cursor, page size, search, work and visit scope pass to SQL unchanged (0.371958ms)
✔ malformed, duplicate, oversized or out-of-scope pages fail closed (5.427667ms)
✔ profile, auth and database failure do not masquerade as an empty success (0.633125ms)
✔ both engineering scopes retain the selected grants in the paged RPC (0.272834ms)
✔ photo lists authorize one exact visit before Storage; rejected and invalid visits list nothing (0.71475ms)
✔ SQL, transport and Storage failures never masquerade as empty successful lists (0.842542ms)
(node:55253) [MODULE_TYPELESS_PACKAGE_JSON] Warning: Module type of file:///private/tmp/dialogo-jobs-validation/src/lib/auth/active-profile.ts is not specified and it doesn't parse as CommonJS.
Reparsing as ES module because module syntax was detected. This incurs a performance overhead.
To eliminate this warning, add "type": "module" to /private/tmp/dialogo-jobs-validation/package.json.
(Use `node --trace-warnings ...` to show where the warning was created)
✔ history authenticates active selected identity before any history RPC (32.398708ms)
✔ history query validates sizes, dates, filters, booleans and duplicate fields before RPC (11.584333ms)
✔ paged history reads one limited RPC with all filters and only compact findings (0.90825ms)
✔ paged history preserves complete totals across pages with no off-page findings (1.202375ms)
✔ metadata-only comparison lookup and absent records have exact totals without Storage (0.504625ms)
✔ history service rejects count, sorting, scope and filter mismatches without partial data (2.153625ms)
✔ history service failure stays private and never invokes an eager fallback (0.25125ms)
(node:55254) [MODULE_TYPELESS_PACKAGE_JSON] Warning: Module type of file:///private/tmp/dialogo-jobs-validation/src/lib/pdf/audit-report.ts is not specified and it doesn't parse as CommonJS.
Reparsing as ES module because module syntax was detected. This incurs a performance overhead.
To eliminate this warning, add "type": "module" to /private/tmp/dialogo-jobs-validation/package.json.
(Use `node --trace-warnings ...` to show where the warning was created)
✔ audit renderer preserves pages, evidence, summary destinations and observations (156.962458ms)
✔ security and quantitative reports render their response details without a DOM (44.860208ms)
✔ action plan preserves landscape layout, corrective actions, images and summary links (36.864458ms)
(node:55254) [MODULE_TYPELESS_PACKAGE_JSON] Warning: Module type of file:///private/tmp/dialogo-jobs-validation/src/lib/pdf/report.worker.ts is not specified and it doesn't parse as CommonJS.
Reparsing as ES module because module syntax was detected. This incurs a performance overhead.
To eliminate this warning, add "type": "module" to /private/tmp/dialogo-jobs-validation/package.json.
(Use `node --trace-warnings ...` to show where the warning was created)
✔ production worker fetches assets and transfers an actual PDF with no browser globals (271.82825ms)
✔ cancelling a preview terminates its worker and rejects the pending result (0.925333ms)
✔ unsupported workers use a small text-only fallback and reject heavy previews (20.45125ms)
(node:55255) [MODULE_TYPELESS_PACKAGE_JSON] Warning: Module type of file:///private/tmp/dialogo-jobs-validation/src/app/api/audits/%5BauditId%5D/photos/%5BfileName%5D/route.ts is not specified and it doesn't parse as CommonJS.
Reparsing as ES module because module syntax was detected. This incurs a performance overhead.
To eliminate this warning, add "type": "module" to /private/tmp/dialogo-jobs-validation/package.json.
(Use `node --trace-warnings ...` to show where the warning was created)
✔ every photo route authenticates before resource reads or downloads (13.220083ms)
✔ actual route derivatives use private storage and reauthorize on warm cache (91.680542ms)
✔ work photos retain finding, owner, work and filename filters; originals are byte-identical (0.701167ms)
✔ audit photo requests cannot cross module or work scope, including a populated cache (0.235875ms)
✔ visit photo cache cannot bypass missing visit, removed photo or a different profile (0.3995ms)
✔ visit image uses one exact RPC, no list calls, and preserves original bytes (9.825959ms)
✔ photo authorization errors and malformed responses cannot reuse a warm thumbnail (0.468083ms)
✔ engineering reads a published work photo from its auditor's folder in both scopes (12.21025ms)
✔ work photo access still rejects another work, discipline, owner and unsupported profile (1.209625ms)
✔ work photo cache cannot mask database errors or removal of the finding (1.741542ms)
(node:55256) [MODULE_TYPELESS_PACKAGE_JSON] Warning: Module type of file:///private/tmp/dialogo-jobs-validation/src/lib/photos/thumbnails.ts is not specified and it doesn't parse as CommonJS.
Reparsing as ES module because module syntax was detected. This incurs a performance overhead.
To eliminate this warning, add "type": "module" to /private/tmp/dialogo-jobs-validation/package.json.
(Use `node --trace-warnings ...` to show where the warning was created)
✔ real thumbnail is bounded WebP, much smaller, and leaves original bytes intact (42.444042ms)
✔ source size, malformed images and pixel bombs are rejected (155.834917ms)
✔ authorization runs before every cache lookup; revocation cannot reveal a cached image (40.072042ms)
✔ original requests bypass derivative cache and preserve exact original bytes and MIME (24.849625ms)
✔ cache evicts by bytes, entry count and expiry, reusing only fresh image bytes (1.301ms)
✔ duplicate requests authorize separately and share one bounded processing job (1.180542ms)
✔ failed authorization, download and resize are private errors and can be retried (0.431667ms)
✔ thumbnail URLs keep exact profile identity and never change signed original references (0.634833ms)
(node:55257) [MODULE_TYPELESS_PACKAGE_JSON] Warning: Module type of file:///private/tmp/dialogo-jobs-validation/src/lib/auth/active-profile.ts is not specified and it doesn't parse as CommonJS.
Reparsing as ES module because module syntax was detected. This incurs a performance overhead.
To eliminate this warning, add "type": "module" to /private/tmp/dialogo-jobs-validation/package.json.
(Use `node --trace-warnings ...` to show where the warning was created)
✔ Unauthenticated or rejected Auth session cannot read PDF or original bytes (39.684625ms)
✔ Pending, inactive or database-revoked accounts are rejected before private file access (5.848916ms)
✔ Engineering profiles open reports only for an authorized discipline and active work (29.063125ms)
✔ Auditors can read only their discipline while an active grant exists (1.582459ms)
✔ An auditor receives the selected private revision through the guarded reader (3.490666ms)
✔ Bundled auditor documents work with existing RLS grants before the new RPC is deployed (1.316417ms)
✔ Missing, duplicate or wrong-user cookie and removed Administrative membership do not authorize a document (0.392708ms)
✔ The current database administrator predicate must succeed even for an approved Administrative cookie (0.226917ms)
✔ Only the three fixed document identifiers resolve: filenames, object keys and traversal attempts return 404 (0.752625ms)
✔ Each Administrative PDF request returns exactly its private file with inline disposition and no shared cache (0.616334ms)
✔ A General administrator's selected discipline limits reference documents in that view (0.381125ms)
✔ Original downloads preserve the source PDF/DOCX per model and require the same Administrative authorization (0.399667ms)
✔ PDF download forces an attachment and never selects the editable original (0.425208ms)
✔ Private file failure returns uncached 503 without disclosing paths or provider diagnostics (0.182333ms)
✔ Versioned reference assets have the declared PDF/DOCX signatures in the private directory (1.8505ms)
✔ Private revision PDFs and originals are served without filesystem fallback (0.42975ms)
✔ Revision read errors and malformed contents cannot silently expose an older document (1.096709ms)
✔ Explicit versions pass the revision identity; invalid IDs fail before file reads (3.867333ms)
(node:55258) [MODULE_TYPELESS_PACKAGE_JSON] Warning: Module type of file:///private/tmp/dialogo-jobs-validation/src/lib/auth/active-profile.ts is not specified and it doesn't parse as CommonJS.
Reparsing as ES module because module syntax was detected. This incurs a performance overhead.
To eliminate this warning, add "type": "module" to /private/tmp/dialogo-jobs-validation/package.json.
(Use `node --trace-warnings ...` to show where the warning was created)
✔ administrative page and nested components share one live authorization during an RSC render (57.210167ms)
✔ equal scalar identities deduplicate account reads without mixing changed identity fields (32.654375ms)
✔ each new render rechecks Auth and immediately observes account revocation (65.739875ms)
✔ concurrent RSC requests cannot reuse another user's session, account or access request (13.594125ms)
✔ the next render rechecks the selected profile and administrative scope (7.847584ms)
✔ administrator helper, Auth and database failures keep the original fail-closed redirects (21.106625ms)
✔ failed authorization deduplicates only within its render and can recover on a new request (9.635083ms)
✔ own access requests cache by user ID and retain the response identity check (1.166416ms)
✔ real Server Actions outside RSC verify authorization again and reject revocation before mutation (3.360167ms)
(node:55259) [MODULE_TYPELESS_PACKAGE_JSON] Warning: Module type of file:///private/tmp/dialogo-jobs-validation/src/lib/access/workspace-context.ts is not specified and it doesn't parse as CommonJS.
Reparsing as ES module because module syntax was detected. This incurs a performance overhead.
To eliminate this warning, add "type": "module" to /private/tmp/dialogo-jobs-validation/package.json.
(Use `node --trace-warnings ...` to show where the warning was created)
✔ perfil escolhido usa somente suas próprias concessões e obras ativas (1.479959ms)
✔ Engenharia não transforma dois pares obra/módulo em acesso cruzado (16.624084ms)
✔ Administrativo mantém catálogo sem herdar operações dos perfis técnicos (0.201166ms)
✔ Administrativos de Segurança e Qualidade recebem apenas sua disciplina (0.143833ms)
✔ resultado publicado chega aos contextos administrativos autorizados sem acesso a rascunhos (0.169959ms)
✔ Administrativo Geral pode visualizar cada disciplina sem ampliar o perfil salvo (0.105583ms)
✔ perfil técnico sem concessões não recebe obras ou usuários fictícios (0.10775ms)
✔ conta desativada, identidade divergente e perfil não aprovado fecham o contexto (0.102ms)
✔ concessões malformadas e obras duplicadas não abrem contexto (0.089708ms)
✔ prévia na obra cadastrada continua temporária e preserva dados originais (13.8785ms)
✔ duas atuações Engenharia abrem visões diferentes sem ampliar obras ou módulos (0.207625ms)
✔ atuação forjada ou revogada não abre a visão da equipe (0.067959ms)
✔ dados salvos no cadastro alimentam o cartão da obra autorizada (0.106875ms)
(node:55260) [MODULE_TYPELESS_PACKAGE_JSON] Warning: Module type of file:///private/tmp/dialogo-jobs-validation/src/lib/access/workspace-resources.ts is not specified and it doesn't parse as CommonJS.
Reparsing as ES module because module syntax was detected. This incurs a performance overhead.
To eliminate this warning, add "type": "module" to /private/tmp/dialogo-jobs-validation/package.json.
(Use `node --trace-warnings ...` to show where the warning was created)
✔ opening Works loads neither agenda nor dashboard and keeps remote history enabled (1.284959ms)
✔ overview hydrates its complete calendar and aggregate, without fetching history (0.184792ms)
✔ agenda, auditor history and follow-up hydrate only agenda and preserve deep links (0.292ms)
✔ coordination never opens the removed agenda or reports tabs (0.219709ms)
✔ administration opens reports or settings without agenda or dashboard (0.163625ms)
✔ action-plan deep link retains its exact publication read and invalid IDs do not query history (0.259291ms)
✔ development preview remains local and production query failures retain unavailable state (0.121375ms)
✔ missing workspace never loads operational data (0.138042ms)
✔ section resources preserve calendar-dependent engineering flows and skip unrelated sections (0.094417ms)
ℹ tests 389
ℹ suites 0
ℹ pass 389
ℹ fail 0
ℹ cancelled 0
ℹ skipped 0
ℹ todo 0
ℹ duration_ms 3291.33725
