
> auditoria-obra@0.1.0 test:publication
> node --experimental-strip-types --test scripts/test-publication-validation.mjs scripts/test-publication-service.mjs

(node:54185) [MODULE_TYPELESS_PACKAGE_JSON] Warning: Module type of file:///private/tmp/dialogo-jobs-validation/src/lib/publications/service.ts is not specified and it doesn't parse as CommonJS.
Reparsing as ES module because module syntax was detected. This incurs a performance overhead.
To eliminate this warning, add "type": "module" to /private/tmp/dialogo-jobs-validation/package.json.
(Use `node --trace-warnings ...` to show where the warning was created)
✔ read failures describe loading and log only the operation and database code (1.417375ms)
✔ real photo decoding, persistent draft, server PDF and idempotent publication (262.339792ms)
✔ invalid or missing evidence never saves or publishes (3.104083ms)
✔ storage failure cannot publish and stale revision cannot overwrite (19.609542ms)
✔ transaction conflict after staging PDF stays unpublished and artifacts are not deleted on uncertain commit (9.461333ms)
✔ photo route service rejects files outside the exact authorized draft (0.223333ms)
✔ HTTP guard rejects cross-origin and unauthenticated requests before privileged access (15.82575ms)
✔ streaming request limit rejects oversized bodies with no content-length (1.618291ms)
✔ action plan persists authoritative findings and publishes a real server PDF (13.665667ms)
(node:54186) [MODULE_TYPELESS_PACKAGE_JSON] Warning: Module type of file:///private/tmp/dialogo-jobs-validation/src/lib/publications/validation.ts is not specified and it doesn't parse as CommonJS.
Reparsing as ES module because module syntax was detected. This incurs a performance overhead.
To eliminate this warning, add "type": "module" to /private/tmp/dialogo-jobs-validation/package.json.
(Use `node --trace-warnings ...` to show where the warning was created)
✔ server requires every response and evidence for nonconformities (1.020417ms)
✔ pinned FVS weights override submitted weights and prohibit unknown services (0.714333ms)
✔ incomplete quantitative checks and duplicate IDs cannot be published (0.138916ms)
✔ safety group weights and all-NA audits use authoritative rules (0.225208ms)
✔ action plan keeps findings and photos from published audit and validates complete dates (4.430542ms)
✔ all item and check evidence references are transformed (0.197291ms)
✔ stored score uses the same rounding as the PDF at decimal boundaries (0.101167ms)
ℹ tests 16
ℹ suites 0
ℹ pass 16
ℹ fail 0
ℹ cancelled 0
ℹ skipped 0
ℹ todo 0
ℹ duration_ms 1244.658875
