
> auditoria-obra@0.1.0 build
> next build --webpack

▲ Next.js 16.3.4 (webpack)
✓ Running next.config.ts took 25ms
- Experiments (use with caution):
  · serverActions

  Creating an optimized production build ...
✓ Compiled successfully in 7.2s
  Running TypeScript ...
  Finished TypeScript in 5.5s ...
  Collecting page data using 7 workers ...
  Generating static pages using 7 workers (0/10) ...
  Generating static pages using 7 workers (2/10)
  Generating static pages using 7 workers (4/10)
  Generating static pages using 7 workers (7/10)
✓ Generating static pages using 7 workers (10/10) in 196ms
  Finalizing page optimization ...
  Collecting build traces ...

Route (app)
┌ ○ /
├ ○ /_not-found
├ ○ /administracao
├ ƒ /administracao/obras/[id]
├ ƒ /administracao/obras/nova
├ ƒ /administracao/usuarios
├ ƒ /administracao/usuarios/historico
├ ƒ /administracao/usuarios/pendentes
├ ƒ /aguardando-liberacao
├ ƒ /api/access/list
├ ƒ /api/access/summary
├ ƒ /api/agenda
├ ƒ /api/agenda/visits/[visitId]
├ ƒ /api/audits/[auditId]
├ ƒ /api/audits/[auditId]/photos/[fileName]
├ ƒ /api/audits/[auditId]/report
├ ƒ /api/audits/comparison
├ ƒ /api/audits/dashboard
├ ƒ /api/audits/history
├ ƒ /api/audits/history/coordination
├ ƒ /api/catalogs
├ ƒ /api/follow-up/list
├ ƒ /api/follow-up/photos
├ ƒ /api/follow-up/reports
├ ƒ /api/follow-up/standalone-reports
├ ƒ /api/follow-up/visits/[visitId]/photos
├ ƒ /api/follow-up/workspace
├ ƒ /api/publications
├ ƒ /api/publications/[id]/[operation]
├ ƒ /api/reference-documents/[modelId]
├ ƒ /app/[[...path]]
├ ƒ /app/acompanhamento/fotos/[visitId]/[fileName]
├ ƒ /app/acompanhamento/obras/[workId]/fotos/[fileName]
├ ƒ /app/acompanhamento/relatorio/[visitId]
├ ƒ /app/acompanhamento/relatorio/[visitId]/pdf
├ ƒ /app/acompanhamento/relatorio/avulso/[reportId]
├ ƒ /app/acompanhamento/relatorio/avulso/[reportId]/pdf
├ ƒ /app/acompanhamento/relatorio/novo
├ ƒ /auth/callback
├ ƒ /confirmar-email
├ ƒ /entrar
├ ○ /escolher-perfil
├ ○ /minha-conta
├ ƒ /revisao-acessibilidade
├ ƒ /revisao-acessibilidade/qualidade
├ ƒ /revisao-assincrona
├ ƒ /revisao-assincrona/falha
├ ƒ /revisao-assincrona/lenta
├ ƒ /revisao-listas
├ ƒ /revisao-nplus1
├ ƒ /revisao-seguranca
└ ○ /solicitar-acesso


ƒ Proxy (Middleware)

○  (Static)   prerendered as static content
ƒ  (Dynamic)  server-rendered on demand
