
> auditoria-obra@0.1.0 test:performance
> node --experimental-strip-types --test scripts/test-audit-detail-loader.mjs scripts/test-audit-detail-routes.mjs scripts/test-audit-history.mjs scripts/test-pdf-worker.mjs scripts/test-deferred-catalogs.mjs scripts/test-access-summary.mjs scripts/test-audit-photo-store.mjs scripts/test-photo-thumbnails.mjs scripts/test-photo-thumbnail-routes.mjs scripts/test-agenda-sync.mjs scripts/test-audit-comparison.mjs scripts/test-audit-comparison-loader.mjs scripts/test-paged-audit-history.mjs scripts/test-audit-history-loader.mjs scripts/test-audit-dashboard.mjs scripts/test-audit-dashboard-cache.mjs scripts/test-follow-up-workspace.mjs scripts/test-follow-up-photo-loader.mjs scripts/test-follow-up-display.mjs scripts/test-follow-up-visit.mjs scripts/test-follow-up-mutations.mjs scripts/test-follow-up-report-page.mjs scripts/test-follow-up-pdf.mjs scripts/test-follow-up-pdf-routes.mjs scripts/test-follow-up-report-sections.mjs scripts/test-follow-up-findings.mjs scripts/test-follow-up-photos.mjs scripts/test-access-context-reads.mjs scripts/test-effective-access.mjs scripts/test-active-profile.mjs scripts/test-workspace-context.mjs scripts/test-agenda-session.mjs scripts/test-reference-documents.mjs scripts/test-follow-up-pdf-resource.mjs scripts/test-workspace-sections.mjs scripts/test-administration-pages.mjs scripts/test-administration-render.mjs scripts/test-agenda-rendering.mjs scripts/test-agenda.mjs scripts/test-agenda-batch.mjs scripts/test-session-request-cache.mjs scripts/test-agenda-compact.mjs scripts/test-agenda-detail-route.mjs scripts/test-access-lazy-forms.mjs scripts/test-administration-streaming.mjs

(node:52142) [MODULE_TYPELESS_PACKAGE_JSON] Warning: Module type of file://<validation-copy>/src/lib/auth/effective-access.ts is not specified and it doesn't parse as CommonJS.
Reparsing as ES module because module syntax was detected. This incurs a performance overhead.
To eliminate this warning, add "type": "module" to <validation-copy>/package.json.
(Use `node --trace-warnings ...` to show where the warning was created)
✔ all selected profiles and scopes use one exact RPC and preserve the previous presentation (16.863458ms)
✔ account plus selected workspace takes two data calls and isolates the selected profile (1.907541ms)
✔ invalid selections, foreign identities and ungranted scopes are denied before the RPC (0.653417ms)
✔ malformed, foreign or mixed-profile projections fail as a whole (1.357708ms)
✔ empty current scopes remain valid and administrative contexts accept only the authorized catalog (0.621792ms)
✔ large scopes are complete rather than silently capped at 400 grants or 1000 works (22.262167ms)
✔ every read checks current grants again and provider errors never reuse earlier authorization (0.311792ms)
(node:52143) [MODULE_TYPELESS_PACKAGE_JSON] Warning: Module type of file://<validation-copy>/src/app/components/recover-action.ts is not specified and it doesn't parse as CommonJS.
Reparsing as ES module because module syntax was detected. This incurs a performance overhead.
To eliminate this warning, add "type": "module" to <validation-copy>/package.json.
(Use `node --trace-warnings ...` to show where the warning was created)
✔ twenty closed access editors render only their triggers, without replicated work selectors (9.00275ms)
✔ closed approval cards preserve summaries while deferring all approval forms and confirmation dialogs (2.8895ms)
✔ empty approval page retains its eligibility explanation without mounting forms (19.543458ms)
(node:52144) [MODULE_TYPELESS_PACKAGE_JSON] Warning: Module type of file://<validation-copy>/src/lib/auth/active-profile.ts is not specified and it doesn't parse as CommonJS.
Reparsing as ES module because module syntax was detected. This incurs a performance overhead.
To eliminate this warning, add "type": "module" to <validation-copy>/package.json.
(Use `node --trace-warnings ...` to show where the warning was created)
✔ anonymous, pending, revoked or unselected sessions never execute aggregate queries (52.719333ms)
✔ selected profile must be General Administration even when account owns several profiles (2.875375ms)
✔ stale user, profile, Engineering scope or Administrative scope causes no aggregate queries (5.42ms)
✔ database administrator authority is required before either aggregate is read (2.253958ms)
✔ valid request uses exactly two HEAD counts with the correct confirmation and active filters (1.120375ms)
✔ session cookie supplies authority when optional display identity is omitted (0.6415ms)
✔ missing or invalid counts and provider failure stay unavailable rather than becoming zero (3.224584ms)
✔ client sends current identity and bypasses cache on every mount/retry (1.950917ms)
✔ client reports authorization/fetch/data failures and retries without keeping an old count (0.965ms)
(node:52145) [MODULE_TYPELESS_PACKAGE_JSON] Warning: Module type of file://<validation-copy>/src/lib/auth/active-profile.ts is not specified and it doesn't parse as CommonJS.
Reparsing as ES module because module syntax was detected. This incurs a performance overhead.
To eliminate this warning, add "type": "module" to <validation-copy>/package.json.
(Use `node --trace-warnings ...` to show where the warning was created)
✔ Every authorized profile round-trips as a versioned preference without credentials (3.143208ms)
✔ Malformed, oversized, unknown, and unversioned cookies never select a profile (3.054083ms)
✔ A preference belongs to the current identity and cannot activate an ungranted profile (0.1305ms)
✔ Revoked profiles and inactive or missing accounts invalidate an earlier choice (0.139166ms)
✔ Every account with a single assigned profile is automatic (18.294333ms)
✔ Form selection rejects duplicate, missing, unknown, file, or ungranted values (35.927042ms)
✔ Choosing Engineering cannot modify the approved Engineering scope or supply a redirect (31.661917ms)
✔ General administration and both approved Engineering scopes produce seven distinct choices (0.324167ms)
✔ General administrator can select both discipline views, but scoped administrators cannot widen access (0.375541ms)
✔ Engineering with two scopes enters its registered primary scope when it is the only profile (0.387125ms)
✔ Version 2 requires an explicit valid Engineering scope and rejects scopes for other profiles (0.138583ms)
✔ Legacy v1 Engineering selects only its existing authorized primary scope (0.079125ms)
✔ Engineering forms reject absent, duplicate, malformed and ungranted scopes (0.1505ms)
✔ Protected workspace rejects anonymous and pending sessions and asks multi-profile users to choose (0.794125ms)
✔ A single approved profile reaches the protected workspace without a preference cookie (0.11575ms)
✔ Protected workspace rechecks current grants, identity and Auth activity on every entry (0.352917ms)
✔ Protected workspace observes scope removal and returns only the selected Engineering activity (0.236458ms)
✔ Duplicate preference cookies fail closed for multiple profiles (0.112166ms)
✔ Administration requires the active Administrative view and the independent database check (0.260416ms)
✔ Profile action writes only a current approved choice and always redirects inside the workspace (0.325958ms)
✔ The report profile choice returns to the editor only for an approved auditor (0.235917ms)
✔ Report return targets cannot redirect to arbitrary URLs or accept duplicate values (0.209667ms)
✔ Preference cookies are HttpOnly, local-preview compatible and Secure for HTTPS (0.175125ms)
✔ Successful login clears the previous choice without changing the validated pending checkpoint (0.323625ms)
✔ Successful logout clears the choice, while a failed logout leaves the session context unchanged (0.127834ms)
(node:52146) [MODULE_TYPELESS_PACKAGE_JSON] Warning: Module type of file://<validation-copy>/src/lib/access/administration-service.ts is not specified and it doesn't parse as CommonJS.
Reparsing as ES module because module syntax was detected. This incurs a performance overhead.
To eliminate this warning, add "type": "module" to <validation-copy>/package.json.
(Use `node --trace-warnings ...` to show where the warning was created)
✔ summary, pending and history request just their view using one database snapshot (2.976833ms)
✔ summary never exposes unrelated user or work payloads returned by a provider (0.286708ms)
✔ empty and out of range pages retain valid counts and the full works catalog (0.989834ms)
✔ invalid requested views and pages are rejected without any provider call (1.554333ms)
✔ invalid envelopes, counts and incomplete or duplicated pages fail closed (20.617458ms)
✔ pending requests must have their confirmed identity and renderable fields (0.290917ms)
✔ foreign decisions, grants and target snapshots invalidate the complete user page (1.86175ms)
✔ legacy immutable decisions and inactive-work grants retain their original shapes (0.173625ms)
✔ edit snapshots retain administrative scopes and require safe fields for the change description (0.346542ms)
✔ selected user history and active works remain complete beyond 1000 records (27.939541ms)
✔ every call revalidates current authorization and errors never reuse a previous page (4.070416ms)
(node:52147) [MODULE_TYPELESS_PACKAGE_JSON] Warning: Module type of file://<validation-copy>/src/lib/auth/display-name.ts is not specified and it doesn't parse as CommonJS.
Reparsing as ES module because module syntax was detected. This incurs a performance overhead.
To eliminate this warning, add "type": "module" to <validation-copy>/package.json.
(Use `node --trace-warnings ...` to show where the warning was created)
✔ administration landing requests counts only and retains links (10.025917ms)
✔ pending page uses its server page and complete work choices without reading history (0.770958ms)
✔ history page is not sliced a second time and preserves account, scope and legacy history display (2.177375ms)
✔ unavailable views retain their retry page and never render mutation forms (27.849625ms)
✔ unauthorized rendering does not load any administrative page (0.35875ms)
(node:52148) [MODULE_TYPELESS_PACKAGE_JSON] Warning: Module type of file://<validation-copy>/src/lib/auth/display-name.ts is not specified and it doesn't parse as CommonJS.
Reparsing as ES module because module syntax was detected. This incurs a performance overhead.
To eliminate this warning, add "type": "module" to <validation-copy>/package.json.
(Use `node --trace-warnings ...` to show where the warning was created)
✔ users: authorization gates identity and data; a slow name does not block the list (123.543833ms)
✔ users: rejected authorization never reads names or administrative data (1.791667ms)
✔ pending: authorization gates identity and data; a slow name does not block the list (44.786916ms)
✔ pending: rejected authorization never reads names or administrative data (2.309583ms)
✔ history: authorization gates identity and data; a slow name does not block the list (55.701666ms)
✔ history: rejected authorization never reads names or administrative data (6.504208ms)
✔ the named header streams while a slow list retains its own loading state (23.720917ms)
✔ email-derived names render without a name query on every administrative route (13.937084ms)
✔ missing or blank display names retain the authenticated email, or the generic user fallback (10.634084ms)
✔ all administrative pages normalize invalid pagination before starting list reads (98.635584ms)
✔ route loading UIs are accessible neutral shells and make no authenticated reads (1.672625ms)
(node:52149) [MODULE_TYPELESS_PACKAGE_JSON] Warning: Module type of file://<validation-copy>/src/lib/agenda/batch-service.ts is not specified and it doesn't parse as CommonJS.
Reparsing as ES module because module syntax was detected. This incurs a performance overhead.
To eliminate this warning, add "type": "module" to <validation-copy>/package.json.
(Use `node --trace-warnings ...` to show where the warning was created)
✔ batch accepts 1 to 200 valid rows and rejects duplicate canonical request UUIDs, empty or invalid items (6.127125ms)
✔ mixed batch creates once and refreshes once regardless of number of visits (44.57075ms)
✔ invalid payload or unauthorized single row rejects complete batch before any RPC (0.845125ms)
✔ SQL error preserves safe retries and never reads partial or supposedly successful snapshot (0.487125ms)
✔ invalid response cannot silently accept a partial batch (0.226625ms)
✔ unavailable final read still reports committed batch and does not resubmit mutation (1.880209ms)
✔ retry forwards exactly the same per-row UUIDs and catches unknown network failure without success (1.562958ms)
(node:52150) [MODULE_TYPELESS_PACKAGE_JSON] Warning: Module type of file://<validation-copy>/src/lib/agenda/service.ts is not specified and it doesn't parse as CommonJS.
Reparsing as ES module because module syntax was detected. This incurs a performance overhead.
To eliminate this warning, add "type": "module" to <validation-copy>/package.json.
(Use `node --trace-warnings ...` to show where the warning was created)
✔ legacy synchronization remains compatible for tabs opened before deployment (1.506167ms)
✔ compact snapshot keeps every visit and exact notification time without notes or histories (33.470708ms)
✔ incomplete or unauthorized compact rows fail closed instead of fabricating empty details (1.622417ms)
✔ detail reads exactly one authorized visit and keeps complete rescheduling history (5.752333ms)
✔ detail null, denied, malformed, wrong target and provider failure remain distinct (2.188ms)
✔ display actor comparison rejects stale user, profile, scope, module and duplicate parameters (0.592334ms)
✔ browser detail requests are private, abortable, tied to current visit revision and never expose provider errors (61.153625ms)
(node:52151) [MODULE_TYPELESS_PACKAGE_JSON] Warning: Module type of file://<validation-copy>/src/lib/agenda/detail-client.ts is not specified and it doesn't parse as CommonJS.
Reparsing as ES module because module syntax was detected. This incurs a performance overhead.
To eliminate this warning, add "type": "module" to <validation-copy>/package.json.
(Use `node --trace-warnings ...` to show where the warning was created)
✔ detail route authenticates selected context before reading the target (21.946584ms)
✔ detail route refuses stale displayed identity or scope and sends no private content (1.718375ms)
✔ detail route reads one exact visit and never permits browser or intermediary caching (0.398458ms)
✔ removed, revoked and unavailable details never appear as an empty successful note (0.515667ms)
(node:52152) [MODULE_TYPELESS_PACKAGE_JSON] Warning: Module type of file://<validation-copy>/src/app/components/list-state.ts is not specified and it doesn't parse as CommonJS.
Reparsing as ES module because module syntax was detected. This incurs a performance overhead.
To eliminate this warning, add "type": "module" to <validation-copy>/package.json.
(Use `node --trace-warnings ...` to show where the warning was created)
✔ administrative: cards are bounded but calendar totals remain complete (19.823166ms)
✔ quality-auditor: cards are bounded but calendar totals remain complete (13.732166ms)
✔ engineering: cards are bounded but calendar totals remain complete (34.069042ms)
✔ authorization and invalid dates are applied before list pagination and calendar totals (58.702292ms)
✔ admin calendar includes follow-ups from every authorized professional without selecting a filter (18.579084ms)
✔ admin overview includes all visit kinds while engineering coordination keeps only audits (19.814667ms)
✔ short and empty lists do not show unnecessary page controls (16.462417ms)
✔ cards used elsewhere keep their initial open state and audit action (1.17575ms)
(node:52153) [MODULE_TYPELESS_PACKAGE_JSON] Warning: Module type of file://<validation-copy>/src/lib/auth/active-profile.ts is not specified and it doesn't parse as CommonJS.
Reparsing as ES module because module syntax was detected. This incurs a performance overhead.
To eliminate this warning, add "type": "module" to <validation-copy>/package.json.
(Use `node --trace-warnings ...` to show where the warning was created)
✔ Agenda actions authenticate before any payload, displayed-context or DAL work (2.923834ms)
✔ Every action rejects stale identity, profile and Engineering activity before workspace reads or mutations (3.021916ms)
✔ Current account approval and cookie choice are required even when displayed context still matches (0.494917ms)
✔ Valid actions pass the verified active context and writable session client to the intended DAL operation (0.421833ms)
✔ Failure to rebuild authorized workspace prevents action mutation (0.101917ms)
✔ GET returns private uncached 401/403 without agenda data for anonymous, pending, revoked or unselected sessions (36.680166ms)
✔ GET rejects displayed identity/profile/activity mismatch before invoking workspace or agenda readers (9.313459ms)
✔ Valid GET uses cookie-selected identity/activity and session client and preserves no-store headers (1.022042ms)
✔ GET cannot expose stale data when workspace or persistent agenda is unavailable (1.740917ms)
✔ new tabs request compact synchronization while pre-deployment tabs keep full details (4.261917ms)
✔ conditional GET authenticates on every poll and returns zero body only for unchanged data (2.452125ms)
✔ conditional GET ignores malformed or wildcard tokens and exposes no token for failed reads (3.510042ms)
(node:52154) [MODULE_TYPELESS_PACKAGE_JSON] Warning: Module type of file://<validation-copy>/src/lib/agenda/sync-client.ts is not specified and it doesn't parse as CommonJS.
Reparsing as ES module because module syntax was detected. This incurs a performance overhead.
To eliminate this warning, add "type": "module" to <validation-copy>/package.json.
(Use `node --trace-warnings ...` to show where the warning was created)
✔ unchanged poll preserves the snapshot and only reports loading start/end (44.525166ms)
✔ temporary failures preserve available data; recovery clears error; authorization failure clears data (2.887958ms)
✔ one poll at a time; changing profile/disposal prevents old results from applying (0.3615ms)
✔ late response and late JSON parsing cannot overwrite a completed mutation (1.502291ms)
✔ publication cancels a pending read, clears its token and prevents a completed visit returning (0.972042ms)
✔ mutation idempotency survives retry, unknown success forces a full read, and profile cancellation discards mutation (0.388ms)
✔ invalid or unsolicited 304 never clears existing errors or introduces a snapshot (0.880209ms)
✔ server DAL performs one conditional RPC and validates unchanged revision before accepting it (0.42675ms)
✔ native browser fetch is invoked without assigning the synchronizer as its receiver (0.200292ms)
(node:52155) [MODULE_TYPELESS_PACKAGE_JSON] Warning: Module type of file://<validation-copy>/src/lib/agenda/contracts.ts is not specified and it doesn't parse as CommonJS.
Reparsing as ES module because module syntax was detected. This incurs a performance overhead.
To eliminate this warning, add "type": "module" to <validation-copy>/package.json.
(Use `node --trace-warnings ...` to show where the warning was created)
✔ creation validates exact fields, real dates, discipline/model and canonical UUIDs (1.264334ms)
✔ confirmation and deletion require a stable request key and integer revision (0.128042ms)
✔ snapshot sends selected profile and strips fields outside the public agenda contract (0.887875ms)
✔ General administrator discipline views omit visits and auditors from the other module (0.348583ms)
✔ auditor bell includes only their pending visits, with a link to the exact visit (0.597416ms)
✔ auditoria designada fornece nome mínimo e confirmação sem incluir obra nos acessos (1.633958ms)
✔ lista administrativa inclui auditores sem obras de acompanhamento (0.19125ms)
✔ snapshots fail closed for inconsistent, duplicate and unauthorized records (0.4935ms)
✔ new scheduling reaches only the admin RPC with exact fields and no caller override (0.309625ms)
✔ work follow-up schedules without a model and still asks the assigned professional to confirm (0.356625ms)
✔ confirmation is scoped to the currently selected auditor before mutation (0.214208ms)
✔ only the administrator can delete a current visit, removing its notifications (0.203167ms)
✔ publicação remove a visita e suas notificações da agenda ativa (0.113583ms)
✔ a concurrent revision change cannot produce a stale confirmed message (0.184083ms)
✔ conflicts, uncertain writes and provider diagnostics never become fake success (0.236333ms)
✔ notification uses the work name from the same agenda snapshot as its revision (1.095458ms)
(node:52156) [MODULE_TYPELESS_PACKAGE_JSON] Warning: Module type of file://<validation-copy>/src/lib/audits/comparison-loader.ts is not specified and it doesn't parse as CommonJS.
Reparsing as ES module because module syntax was detected. This incurs a performance overhead.
To eliminate this warning, add "type": "module" to <validation-copy>/package.json.
(Use `node --trace-warnings ...` to show where the warning was created)
✔ history loads only on demand, batches three answers and reuses a profile cache (22.098708ms)
✔ overlapping requests share in-flight IDs and fetch only missing comparisons (1.401875ms)
✔ missing records remain errors and a retry requests only the absent audit (0.57475ms)
✔ unavailable, invalid or out-of-context payloads cannot become comparison data (2.409959ms)
✔ synchronous failures and HTTP denial can be retried without a stuck in-flight entry (0.7155ms)
✔ profile disposal clears cached answers and ignores late network and JSON completions (10.657208ms)
✔ StrictMode cancellation can restart immediately and old responses cannot overwrite it (0.294583ms)
✔ cache stays bounded and an evicted history loads again; invalid batches never fetch (5.160291ms)
(node:52157) [MODULE_TYPELESS_PACKAGE_JSON] Warning: Module type of file://<validation-copy>/src/lib/auth/active-profile.ts is not specified and it doesn't parse as CommonJS.
Reparsing as ES module because module syntax was detected. This incurs a performance overhead.
To eliminate this warning, add "type": "module" to <validation-copy>/package.json.
(Use `node --trace-warnings ...` to show where the warning was created)
✔ comparison authenticates and rejects inactive, pending or unselected sessions before RPC (26.110834ms)
✔ comparison rejects stale identity, profile, engineering and administrative scopes (3.374125ms)
✔ comparison IDs accept at most three distinct UUIDs and normalize case (7.045333ms)
✔ one compact RPC uses selected profile and exact IDs without Storage, preserving answer strings (1.977375ms)
✔ unknown or individually denied audits remain absent, not loaded empty responses (0.415542ms)
✔ service rejects malformed or unrequested rows and scoped work/module mismatches (0.2735ms)
✔ service projects only five fields and failures never include partial comparison data (1.353667ms)
(node:52158) [MODULE_TYPELESS_PACKAGE_JSON] Warning: Module type of file://<validation-copy>/src/lib/audits/dashboard-service.ts is not specified and it doesn't parse as CommonJS.
Reparsing as ES module because module syntax was detected. This incurs a performance overhead.
To eliminate this warning, add "type": "module" to <validation-copy>/package.json.
(Use `node --trace-warnings ...` to show where the warning was created)
✔ cache hits still authorize one conditional RPC per request and skip full history when unchanged (7.352542ms)
✔ new publication or narrower authorized projection replaces every cached aggregate (1.106666ms)
✔ RPC errors, exceptions and invalid revision responses never serve a stale summary (28.886125ms)
✔ expired entries refetch full metadata before becoming reusable again (0.35325ms)
✔ changed snapshots cannot cache a partial subtotal after scope drift or invalid rows (1.047292ms)
✔ cache isolates actors, selected profiles, scopes, effective modules, grants and work names (0.91525ms)
✔ cached outputs cannot be mutated by a caller and independent server processes cold-load safely (0.649208ms)
✔ entry and byte limits bound cache memory; oversized summaries remain correct without caching (0.990708ms)
✔ byte accounting caches computed summaries without retaining the much larger overview (65.007ms)
✔ local overlays force full authorized input and never poison the cached persisted summary (11.53775ms)
✔ concurrent readers each authorize and cache hints never substitute for their database snapshot (0.755875ms)
(node:52159) [MODULE_TYPELESS_PACKAGE_JSON] Warning: Module type of file://<validation-copy>/src/lib/audits/dashboard.ts is not specified and it doesn't parse as CommonJS.
Reparsing as ES module because module syntax was detected. This incurs a performance overhead.
To eliminate this warning, add "type": "module" to <validation-copy>/package.json.
(Use `node --trace-warnings ...` to show where the warning was created)
{"dashboardPayloadBytes":{"before":4370098,"after":414586,"reduction":0.9051},"audits":2000,"findings":10000}
✔ complete counts and plan groups remain independent of a ten-row history page (2.097541ms)
✔ precomputed rankings preserve duplicate conflicts, ties, zero scores and annual means (11.865792ms)
✔ recurrence counts audits once and keeps quantitative subitems in their original detail order (0.399333ms)
✔ scope filtering excludes every metric, ranking and finding from other works/modules (0.499792ms)
✔ serious overview combines active follow-up findings with serious audit items (0.251125ms)
✔ overlay accepts only this auditor's authorized, published session records and discards evidence fields (2.088708ms)
✔ server recomputes local publication overlays against all history, including items entering the top five (1.334125ms)
✔ summary service restricts auditor discipline even when the account has multiple modules (0.236291ms)
✔ dashboard HTTP routes authenticate before reads and validate private bounded overlays (67.042292ms)
✔ large history becomes aggregates rather than full publication metadata and finding rows (148.086583ms)
(node:52160) [MODULE_TYPELESS_PACKAGE_JSON] Warning: Module type of file://<validation-copy>/src/lib/audits/detail-loader.ts is not specified and it doesn't parse as CommonJS.
Reparsing as ES module because module syntax was detected. This incurs a performance overhead.
To eliminate this warning, add "type": "module" to <validation-copy>/package.json.
(Use `node --trace-warnings ...` to show where the warning was created)
✔ opening an audit fetches once, reuses concurrent demand and sends the active profile (29.108917ms)
✔ changing profile cancels pending details and cannot apply a late response (0.432208ms)
✔ failed detail loading keeps an explicit error and allows a successful retry (0.576667ms)
✔ mismatching or incomplete audit details cannot replace the selected audit (8.217833ms)
✔ a profile owns its own cache and unavailable audit IDs cause no request (4.600666ms)
✔ paged histories can open an authorized audit absent from the initial index (0.909333ms)
✔ unlisted details still reject denial and a response for another audit (1.266709ms)
(node:52161) [MODULE_TYPELESS_PACKAGE_JSON] Warning: Module type of file://<validation-copy>/src/lib/auth/active-profile.ts is not specified and it doesn't parse as CommonJS.
Reparsing as ES module because module syntax was detected. This incurs a performance overhead.
To eliminate this warning, add "type": "module" to <validation-copy>/package.json.
(Use `node --trace-warnings ...` to show where the warning was created)
✔ both routes authenticate and reject pending, inactive or unselected sessions before audit reads (32.497083ms)
✔ stale identity, profile, activity and administrative scope never reach workspace or audit DAL (1.493959ms)
✔ request context is rebuilt from the verified account and cookie, including requests without identity query (0.240666ms)
✔ workspace revocation and malformed audit IDs fail before detail or report storage work (0.648541ms)
✔ detail GET uses exactly the selected audit and verified profile, with private response and evidence (7.040291ms)
✔ an inaccessible audit is a private 404 and cannot reveal another publication or sign its files (1.210583ms)
✔ RPC and Storage failures return private 503 responses without redirecting (2.14325ms)
✔ a report signing error cannot redirect even when the adapter also returns stale signed data (1.175541ms)
✔ report GET signs only the requested PDF after authorization and redirects without caching (0.800708ms)
(node:52162) [MODULE_TYPELESS_PACKAGE_JSON] Warning: Module type of file://<validation-copy>/src/lib/audits/history-loader.ts is not specified and it doesn't parse as CommonJS.
Reparsing as ES module because module syntax was detected. This incurs a performance overhead.
To eliminate this warning, add "type": "module" to <validation-copy>/package.json.
(Use `node --trace-warnings ...` to show where the warning was created)
✔ pages load only on demand, deduplicate canonical filters and bind native fetch correctly (22.823959ms)
✔ coordination batches matching quality and safety pages behind one authenticated request (0.63375ms)
✔ separate filters and pages cannot overwrite each other after responses arrive out of order (2.232667ms)
✔ only the final subscriber leaving aborts pending work; StrictMode resubscription reuses it (0.473209ms)
✔ expired pages revalidate and temporary failures preserve rows while explicit retry recovers (0.605792ms)
✔ authorization denial clears cached pages and rejects late successful responses (0.63175ms)
✔ cancel prevents late JSON writes and allows a new StrictMode request for the same page (0.354042ms)
✔ cache has at most twelve inactive pages, evicted pages reload and profiles never share data (2.857875ms)
✔ malformed pages, foreign findings and unrequested filters never become ready (8.273208ms)
✔ projection excludes detail fields and permits valid empty pages beyond the end (1.172917ms)
✔ invalid queries never fetch, and synchronous failures can be retried (0.475917ms)
(node:52163) [MODULE_TYPELESS_PACKAGE_JSON] Warning: Module type of file://<validation-copy>/src/domain/audit-history.ts is not specified and it doesn't parse as CommonJS.
Reparsing as ES module because module syntax was detected. This incurs a performance overhead.
To eliminate this warning, add "type": "module" to <validation-copy>/package.json.
(Use `node --trace-warnings ...` to show where the warning was created)
✔ o histórico percorre todas as auditorias uma vez e mantém a ordem entre datas iguais (13.706125ms)
✔ limites vazios, páginas inválidas e redução dos dados não criam uma página vazia (0.168708ms)
✔ mudar obra, disciplina ou perfil volta à primeira página e o retorno não restaura página antiga (0.098583ms)
✔ apontamentos são paginados por auditoria preservando todos os itens da auditoria expandida (0.305667ms)
(node:52164) [MODULE_TYPELESS_PACKAGE_JSON] Warning: Module type of file://<validation-copy>/src/lib/audits/photo-store.ts is not specified and it doesn't parse as CommonJS.
Reparsing as ES module because module syntax was detected. This incurs a performance overhead.
To eliminate this warning, add "type": "module" to <validation-copy>/package.json.
(Use `node --trace-warnings ...` to show where the warning was created)
✔ evidence shared between items, checks and audits survives until its last reference is removed (1.172208ms)
✔ reopening the form and publishing keep referenced originals for previews and PDF generation (0.247333ms)
✔ different photos with the same camera filename never overwrite existing evidence (0.16975ms)
✔ discarded and unreferenced selected files are released without affecting another draft (0.140459ms)
✔ cancelling an evidence request prevents a late fetch from retaining its File (0.181292ms)
✔ a response arriving after removal of the last reference cannot repopulate the cache (0.097708ms)
✔ closing a workspace releases files and invalidates pending work even if it later reopens (0.163958ms)
(node:52165) [MODULE_TYPELESS_PACKAGE_JSON] Warning: Module type of file://<validation-copy>/src/lib/catalogs/deferred-loader.ts is not specified and it doesn't parse as CommonJS.
Reparsing as ES module because module syntax was detected. This incurs a performance overhead.
To eliminate this warning, add "type": "module" to <validation-copy>/package.json.
(Use `node --trace-warnings ...` to show where the warning was created)
✔ does not fetch before demand; concurrent tabs share one request and reopening uses loaded data (41.836208ms)
✔ starting a new audit explicitly refreshes the revision and never accepts a failed load as a bundled catalog (0.608792ms)
✔ errors permit retry and only the explicit missing-migration signal allows initial catalog fallback (0.409208ms)
✔ profile disposal discards late replies and a strict-mode restart can load again (1.843125ms)
✔ saving a catalog replaces cached data and an older request cannot overwrite the saved revision (0.988583ms)
✔ catalog endpoint fails closed before reading and keeps every response private (4.383833ms)
(node:52166) [MODULE_TYPELESS_PACKAGE_JSON] Warning: Module type of file://<validation-copy>/src/lib/auth/effective-access.ts is not specified and it doesn't parse as CommonJS.
Reparsing as ES module because module syntax was detected. This incurs a performance overhead.
To eliminate this warning, add "type": "module" to <validation-copy>/package.json.
(Use `node --trace-warnings ...` to show where the warning was created)
✔ A verified General administrator with one profile enters the workspace directly (1.158458ms)
✔ Missing account RPC or missing administrative scope fails closed without legacy fallback (0.279334ms)
✔ Approved single auditor and engineering profiles enter their workspace (1.567334ms)
✔ All four authorized profiles require an explicit profile choice (0.139417ms)
✔ Combined technical profiles never imply administration (0.156375ms)
✔ An Engineering-only account with both authorized scopes enters its primary scope directly (0.116167ms)
✔ Missing, duplicate, unknown, unordered or incompatible Engineering scope arrays fail closed (0.194125ms)
✔ Missing, duplicated, unknown, noncanonical, or conflicting profile sets fail closed (0.205541ms)
✔ Missing verified identity, corporate email, or confirmation denies access before database reads (0.138958ms)
✔ Both database records must belong to the verified identity (0.24175ms)
✔ Pending, unconfirmed, inactive, missing, or malformed authorization records fail closed (0.26425ms)
✔ Self-declared metadata cannot turn a pending request into an effective account (0.078042ms)
✔ Failed reads, missing authority RPC, and transport failures never grant access (0.123334ms)
✔ Every new server read observes account revocation and Auth bans even with the same session (0.083125ms)
(node:52167) [MODULE_TYPELESS_PACKAGE_JSON] Warning: Module type of file://<validation-copy>/src/lib/follow-up/display.ts is not specified and it doesn't parse as CommonJS.
Reparsing as ES module because module syntax was detected. This incurs a performance overhead.
To eliminate this warning, add "type": "module" to <validation-copy>/package.json.
(Use `node --trace-warnings ...` to show where the warning was created)
✔ active findings preserve draft precedence, latest report text and per-visit completion (15.453917ms)
✔ same timestamp preserves source order and empty/completed lists do not create findings (0.154583ms)
(node:52168) [MODULE_TYPELESS_PACKAGE_JSON] Warning: Module type of file://<validation-copy>/src/lib/follow-up/findings.ts is not specified and it doesn't parse as CommonJS.
Reparsing as ES module because module syntax was detected. This incurs a performance overhead.
To eliminate this warning, add "type": "module" to <validation-copy>/package.json.
(Use `node --trace-warnings ...` to show where the warning was created)
✔ Findings saved before a report are read through the profile scoped RPC (1.113375ms)
✔ Saving a finding passes its revision and rejects invalid text before RPC (0.93075ms)
✔ Unauthorized profiles and stale revisions cannot save findings (0.169417ms)
(node:52169) [MODULE_TYPELESS_PACKAGE_JSON] Warning: Module type of file://<validation-copy>/src/app/follow-up/actions.ts is not specified and it doesn't parse as CommonJS.
Reparsing as ES module because module syntax was detected. This incurs a performance overhead.
To eliminate this warning, add "type": "module" to <validation-copy>/package.json.
(Use `node --trace-warnings ...` to show where the warning was created)
✔ save resolves server findings from one target snapshot and performs only the authoritative save RPC (1.771292ms)
✔ save fails closed on missing snapshot, unauthorized visit, changed source, future or unconfirmed visit (0.374708ms)
✔ save service preserves closed revision and SQL concurrency/current-access errors without rereading agenda (0.265708ms)
✔ completing a draft uses its exact revision and deletes only that finding's private photos (5.442334ms)
✔ completing a reported finding records completion and never lists or removes its closed-report photos (0.311459ms)
✔ a draft revision conflict cannot mark completion or remove photos (0.154084ms)
✔ photo upload loads just the target visit and returns the freshly confirmed photo list (51.013959ms)
✔ closed, missing, future and unconfirmed visit findings cannot receive photos or reach Storage (1.353291ms)
✔ deletion keeps still-used photos and removes only an unused finding from the authorized visit (0.7445ms)
✔ stale actor and invalid identifiers are rejected before target data or storage reads (0.522459ms)
✔ legacy photo action batches up to 100 visits without per-visit queries (7.197584ms)
(node:52170) [MODULE_TYPELESS_PACKAGE_JSON] Warning: Module type of file://<validation-copy>/src/lib/follow-up/report-pdf-resource.ts is not specified and it doesn't parse as CommonJS.
Reparsing as ES module because module syntax was detected. This incurs a performance overhead.
To eliminate this warning, add "type": "module" to <validation-copy>/package.json.
(Use `node --trace-warnings ...` to show where the warning was created)
✔ preview, open and download reuse one authenticated PDF and its server file name (29.944791ms)
✔ leaving aborts pending transport and ignores a response that finishes after cancellation (0.446417ms)
✔ immediate disposal cancels before making a network request (0.105208ms)
✔ leaving during blob reading cannot retain a URL or publish a stale report (0.358333ms)
✔ retry after server error fetches again without replacing the saved report or reusing failures (0.437792ms)
✔ synchronous transport failure can retry and a login redirect or invalid document is never displayed (7.55575ms)
✔ old requests cannot overwrite a new load, including Strict Mode disposal and restart (0.563542ms)
✔ separate report/profile resources never share a Blob or pending request (1.5395ms)
✔ subscriptions and download names remain safe across loading, failure, retry and disposal (0.520542ms)
(node:52171) [MODULE_TYPELESS_PACKAGE_JSON] Warning: Module type of file://<validation-copy>/src/app/app/acompanhamento/relatorio/%5BvisitId%5D/pdf/route.ts is not specified and it doesn't parse as CommonJS.
Reparsing as ES module because module syntax was detected. This incurs a performance overhead.
To eliminate this warning, add "type": "module" to <validation-copy>/package.json.
(Use `node --trace-warnings ...` to show where the warning was created)
✔ auditor and both engineering scopes load only the exact report, with all visit and historical work photos (330.468458ms)
✔ a unique report works without reportId and visualization remains inline (29.484875ms)
✔ unavailable, unauthorized, ambiguous or mismatched report reads never touch Storage (0.891542ms)
✔ list, download and image corruption failures produce 503 instead of partial PDFs (39.750958ms)
✔ archived PDF survives source loss, but revoked report access still denies download (76.977042ms)
(node:52172) [MODULE_TYPELESS_PACKAGE_JSON] Warning: Module type of file://<validation-copy>/src/lib/follow-up/pdf-photos.ts is not specified and it doesn't parse as CommonJS.
Reparsing as ES module because module syntax was detected. This incurs a performance overhead.
To eliminate this warning, add "type": "module" to <validation-copy>/package.json.
(Use `node --trace-warnings ...` to show where the warning was created)
✔ real PDF derivatives preserve orientation, aspect ratio, alpha and original bytes (161.069ms)
✔ real images reduce PDF bytes while retaining every text section, image and ordering (495.372208ms)
ℹ PDF fixture: 3915323 → 971025 bytes; 9 pages; 4 ordered photos.
✔ global admission bounds concurrent downloads, resize, complete documents and queue (2.747791ms)
✔ timeouts/cancellation reject promptly while retaining occupied slots until real work settles (27.261708ms)
✔ a cancelled queued request starts no download and frees its queue position (0.357833ms)
✔ bad images, missing downloads and exhausted byte budgets fail the complete PDF (181.473583ms)
(node:52173) [MODULE_TYPELESS_PACKAGE_JSON] Warning: Module type of file://<validation-copy>/src/lib/follow-up/photo-loader.ts is not specified and it doesn't parse as CommonJS.
Reparsing as ES module because module syntax was detected. This incurs a performance overhead.
To eliminate this warning, add "type": "module" to <validation-copy>/package.json.
(Use `node --trace-warnings ...` to show where the warning was created)
✔ does not read photos until a row is visible; subscriptions alone are inert (52.132292ms)
✔ two findings from one visit share a request; only the last departure cancels it (32.288208ms)
✔ 50 visits share each batch, at most two batches run, and an offscreen queued visit is skipped (56.918167ms)
✔ StrictMode release and immediate reacquire preserve the shared request (12.144958ms)
✔ upload replacement wins even if the old listing ignores cancellation (14.619834ms)
✔ listing failure is distinct from empty photos and only an explicit retry refetches (34.820333ms)
✔ 401/403 clears cached names, aborts all listings and blocks further reads for this context (76.863083ms)
✔ switching profiles cancels and isolates data, including late responses (22.557125ms)
✔ rejects malformed lists, duplicate filenames and photos belonging to another visit/finding (50.062ms)
✔ cache is bounded for inactive visits without dropping visits beyond the old 100 limit (1298.115666ms)
✔ returning to a visible visit reuses fresh metadata and refreshes it after expiration (40.077459ms)
✔ cancel stops queued reads and a synchronous fetch failure releases concurrency slots (6.364958ms)
✔ releasing or replacing one member does not cancel the other members of a batch (30.844083ms)
(node:52174) [MODULE_TYPELESS_PACKAGE_JSON] Warning: Module type of file://<validation-copy>/src/lib/follow-up/photos.ts is not specified and it doesn't parse as CommonJS.
Reparsing as ES module because module syntax was detected. This incurs a performance overhead.
To eliminate this warning, add "type": "module" to <validation-copy>/package.json.
(Use `node --trace-warnings ...` to show where the warning was created)
✔ photo names and file signatures are validated (1.345125ms)
✔ private photo listing keeps only valid names for the requested visit (0.209708ms)
✔ PDF keeps cover sections and renders a photo on findings pages (194.433125ms)
(node:52175) [MODULE_TYPELESS_PACKAGE_JSON] Warning: Module type of file://<validation-copy>/src/lib/follow-up/photos.ts is not specified and it doesn't parse as CommonJS.
Reparsing as ES module because module syntax was detected. This incurs a performance overhead.
To eliminate this warning, add "type": "module" to <validation-copy>/package.json.
(Use `node --trace-warnings ...` to show where the warning was created)
✔ report index reads one visit and never lists Storage or sends report bodies to the editor (2.115125ms)
✔ new editor loads only the target snapshot and its photo folder, retaining source findings and revision (0.557167ms)
✔ editor with only work findings needs no visit Storage listing (0.251667ms)
✔ closed report uses only exact detail and leaves all photo reads to its PDF (0.2675ms)
✔ invalid, denied and unavailable visits never reach Storage or masquerade as an empty editor (0.436167ms)
✔ legacy closed report still prevents creating another report from its index (0.289708ms)
(node:52176) [MODULE_TYPELESS_PACKAGE_JSON] Warning: Module type of file://<validation-copy>/src/lib/follow-up/service.ts is not specified and it doesn't parse as CommonJS.
Reparsing as ES module because module syntax was detected. This incurs a performance overhead.
To eliminate this warning, add "type": "module" to <validation-copy>/package.json.
(Use `node --trace-warnings ...` to show where the warning was created)
✔ report input requires and trims the three independent sections (6.032708ms)
✔ read reports accepts three sections and flags an old database response (0.6115ms)
✔ only checked findings enter the report, using current saved content (0.29475ms)
(node:52177) [MODULE_TYPELESS_PACKAGE_JSON] Warning: Module type of file://<validation-copy>/src/lib/follow-up/visit-service.ts is not specified and it doesn't parse as CommonJS.
Reparsing as ES module because module syntax was detected. This incurs a performance overhead.
To eliminate this warning, add "type": "module" to <validation-copy>/package.json.
(Use `node --trace-warnings ...` to show where the warning was created)
✔ one visit RPC preserves the full editor payload and persisted visit history (2.040167ms)
✔ one report RPC returns only the selected detail and forwards both engineering scopes (0.590917ms)
✔ absent or denied visits and absent or ambiguous reports remain explicit successful misses (0.2285ms)
✔ wrong roles and malformed requested IDs are rejected before RPC (0.142291ms)
✔ visit projection rejects foreign IDs, owner, module, grants and malformed visit/history fields (0.575625ms)
✔ malformed or duplicate visit children fail the complete snapshot instead of dropping rows (0.659083ms)
✔ report detail checks the requested report and restricts photo references to its findings and work (0.41ms)
✔ visit lists are not silently limited to 1000 reports or work findings (11.084ms)
✔ RPC, transport and malformed responses never become successful empty views (0.305042ms)
(node:52178) [MODULE_TYPELESS_PACKAGE_JSON] Warning: Module type of file://<validation-copy>/src/app/api/follow-up/list/route.ts is not specified and it doesn't parse as CommonJS.
Reparsing as ES module because module syntax was detected. This incurs a performance overhead.
To eliminate this warning, add "type": "module" to <validation-copy>/package.json.
(Use `node --trace-warnings ...` to show where the warning was created)
✔ all follow-up endpoints verify context once and reject unauthenticated/denied requests before data (34.581417ms)
✔ paged HTTP reads only one authorized projection and never accesses Storage (1.246375ms)
✔ all three obsolete bulk endpoints require reload without fetching a partial history (1.367334ms)
✔ query rejects unbounded sizes, malformed cursors, work IDs and oversized searches (0.922167ms)
✔ cursor, page size, search, work and visit scope pass to SQL unchanged (0.380417ms)
✔ malformed, duplicate, oversized or out-of-scope pages fail closed (8.232833ms)
✔ profile, auth and database failure do not masquerade as an empty success (1.142417ms)
✔ both engineering scopes retain the selected grants in the paged RPC (0.273458ms)
✔ photo lists authorize one exact visit before Storage; rejected and invalid visits list nothing (0.689083ms)
✔ SQL, transport and Storage failures never masquerade as empty successful lists (0.691041ms)
(node:52179) [MODULE_TYPELESS_PACKAGE_JSON] Warning: Module type of file://<validation-copy>/src/lib/auth/active-profile.ts is not specified and it doesn't parse as CommonJS.
Reparsing as ES module because module syntax was detected. This incurs a performance overhead.
To eliminate this warning, add "type": "module" to <validation-copy>/package.json.
(Use `node --trace-warnings ...` to show where the warning was created)
✔ history authenticates active selected identity before any history RPC (26.398291ms)
✔ history query validates sizes, dates, filters, booleans and duplicate fields before RPC (6.602583ms)
✔ paged history reads one limited RPC with all filters and only compact findings (0.944875ms)
✔ paged history preserves complete totals across pages with no off-page findings (1.311958ms)
✔ metadata-only comparison lookup and absent records have exact totals without Storage (0.5655ms)
✔ history service rejects count, sorting, scope and filter mismatches without partial data (3.978417ms)
✔ history service failure stays private and never invokes an eager fallback (0.400375ms)
(node:52180) [MODULE_TYPELESS_PACKAGE_JSON] Warning: Module type of file://<validation-copy>/src/lib/pdf/audit-report.ts is not specified and it doesn't parse as CommonJS.
Reparsing as ES module because module syntax was detected. This incurs a performance overhead.
To eliminate this warning, add "type": "module" to <validation-copy>/package.json.
(Use `node --trace-warnings ...` to show where the warning was created)
✔ audit renderer preserves pages, evidence, summary destinations and observations (202.831667ms)
✔ security and quantitative reports render their response details without a DOM (20.576834ms)
✔ action plan preserves landscape layout, corrective actions, images and summary links (8.518042ms)
(node:52180) [MODULE_TYPELESS_PACKAGE_JSON] Warning: Module type of file://<validation-copy>/src/lib/pdf/report.worker.ts is not specified and it doesn't parse as CommonJS.
Reparsing as ES module because module syntax was detected. This incurs a performance overhead.
To eliminate this warning, add "type": "module" to <validation-copy>/package.json.
(Use `node --trace-warnings ...` to show where the warning was created)
✔ production worker fetches assets and transfers an actual PDF with no browser globals (198.084833ms)
✔ cancelling a preview terminates its worker and rejects the pending result (1.099375ms)
✔ unsupported workers fall back to a real PDF and tolerate unavailable images (8.328167ms)
(node:52181) [MODULE_TYPELESS_PACKAGE_JSON] Warning: Module type of file://<validation-copy>/src/app/api/audits/%5BauditId%5D/photos/%5BfileName%5D/route.ts is not specified and it doesn't parse as CommonJS.
Reparsing as ES module because module syntax was detected. This incurs a performance overhead.
To eliminate this warning, add "type": "module" to <validation-copy>/package.json.
(Use `node --trace-warnings ...` to show where the warning was created)
✔ every photo route authenticates before resource reads or downloads (18.385166ms)
✔ actual route derivatives use private storage and reauthorize on warm cache (108.081834ms)
✔ work photos retain finding, owner, work and filename filters; originals are byte-identical (4.598334ms)
✔ audit photo requests cannot cross module or work scope, including a populated cache (24.951375ms)
✔ visit photo cache cannot bypass missing visit, removed photo or a different profile (0.505584ms)
✔ visit image uses one exact RPC, no list calls, and preserves original bytes (1.562208ms)
✔ photo authorization errors and malformed responses cannot reuse a warm thumbnail (0.881334ms)
✔ engineering reads a published work photo from its auditor's folder in both scopes (17.774125ms)
✔ work photo access still rejects another work, discipline, owner and unsupported profile (0.5975ms)
✔ work photo cache cannot mask database errors or removal of the finding (0.288542ms)
(node:52182) [MODULE_TYPELESS_PACKAGE_JSON] Warning: Module type of file://<validation-copy>/src/lib/photos/thumbnails.ts is not specified and it doesn't parse as CommonJS.
Reparsing as ES module because module syntax was detected. This incurs a performance overhead.
To eliminate this warning, add "type": "module" to <validation-copy>/package.json.
(Use `node --trace-warnings ...` to show where the warning was created)
✔ real thumbnail is bounded WebP, much smaller, and leaves original bytes intact (33.413125ms)
✔ source size, malformed images and pixel bombs are rejected (156.789708ms)
✔ authorization runs before every cache lookup; revocation cannot reveal a cached image (35.121041ms)
✔ original requests bypass derivative cache and preserve exact original bytes and MIME (18.387125ms)
✔ cache evicts by bytes, entry count and expiry, reusing only fresh image bytes (1.358292ms)
✔ duplicate requests authorize separately and share one bounded processing job (1.850625ms)
✔ failed authorization, download and resize are private errors and can be retried (0.416417ms)
✔ thumbnail URLs keep exact profile identity and never change signed original references (0.344166ms)
(node:52183) [MODULE_TYPELESS_PACKAGE_JSON] Warning: Module type of file://<validation-copy>/src/lib/auth/active-profile.ts is not specified and it doesn't parse as CommonJS.
Reparsing as ES module because module syntax was detected. This incurs a performance overhead.
To eliminate this warning, add "type": "module" to <validation-copy>/package.json.
(Use `node --trace-warnings ...` to show where the warning was created)
✔ Unauthenticated or rejected Auth session cannot read PDF or original bytes (26.943ms)
✔ Pending, inactive or database-revoked accounts are rejected before private file access (1.068542ms)
✔ Engineering profiles open reports only for an authorized discipline and active work (8.407208ms)
✔ Auditors can read only their discipline while an active grant exists (1.7075ms)
✔ An auditor receives the selected private revision through the guarded reader (0.655209ms)
✔ Bundled auditor documents work with existing RLS grants before the new RPC is deployed (3.111375ms)
✔ Missing, duplicate or wrong-user cookie and removed Administrative membership do not authorize a document (0.453042ms)
✔ The current database administrator predicate must succeed even for an approved Administrative cookie (0.249292ms)
✔ Only the three fixed document identifiers resolve: filenames, object keys and traversal attempts return 404 (0.792125ms)
✔ Each Administrative PDF request returns exactly its private file with inline disposition and no shared cache (0.858042ms)
✔ A General administrator's selected discipline limits reference documents in that view (0.489292ms)
✔ Original downloads preserve the source PDF/DOCX per model and require the same Administrative authorization (0.436458ms)
✔ PDF download forces an attachment and never selects the editable original (0.386208ms)
✔ Private file failure returns uncached 503 without disclosing paths or provider diagnostics (0.201625ms)
✔ Versioned reference assets have the declared PDF/DOCX signatures in the private directory (3.925417ms)
✔ Private revision PDFs and originals are served without filesystem fallback (0.472708ms)
✔ Revision read errors and malformed contents cannot silently expose an older document (0.470291ms)
✔ Explicit versions pass the revision identity; invalid IDs fail before file reads (2.238667ms)
(node:52184) [MODULE_TYPELESS_PACKAGE_JSON] Warning: Module type of file://<validation-copy>/src/lib/auth/active-profile.ts is not specified and it doesn't parse as CommonJS.
Reparsing as ES module because module syntax was detected. This incurs a performance overhead.
To eliminate this warning, add "type": "module" to <validation-copy>/package.json.
(Use `node --trace-warnings ...` to show where the warning was created)
✔ administrative page and nested components share one live authorization during an RSC render (71.244958ms)
✔ equal scalar identities deduplicate account reads without mixing changed identity fields (8.32175ms)
✔ each new render rechecks Auth and immediately observes account revocation (16.130375ms)
✔ concurrent RSC requests cannot reuse another user's session, account or access request (14.0175ms)
✔ the next render rechecks the selected profile and administrative scope (12.460667ms)
✔ administrator helper, Auth and database failures keep the original fail-closed redirects (10.895333ms)
✔ failed authorization deduplicates only within its render and can recover on a new request (5.290875ms)
✔ own access requests cache by user ID and retain the response identity check (1.444708ms)
✔ real Server Actions outside RSC verify authorization again and reject revocation before mutation (1.791708ms)
(node:52185) [MODULE_TYPELESS_PACKAGE_JSON] Warning: Module type of file://<validation-copy>/src/lib/access/workspace-context.ts is not specified and it doesn't parse as CommonJS.
Reparsing as ES module because module syntax was detected. This incurs a performance overhead.
To eliminate this warning, add "type": "module" to <validation-copy>/package.json.
(Use `node --trace-warnings ...` to show where the warning was created)
✔ perfil escolhido usa somente suas próprias concessões e obras ativas (1.737458ms)
✔ Engenharia não transforma dois pares obra/módulo em acesso cruzado (9.644583ms)
✔ Administrativo mantém catálogo sem herdar operações dos perfis técnicos (0.207583ms)
✔ Administrativos de Segurança e Qualidade recebem apenas sua disciplina (0.146208ms)
✔ resultado publicado chega aos contextos administrativos autorizados sem acesso a rascunhos (0.171667ms)
✔ Administrativo Geral pode visualizar cada disciplina sem ampliar o perfil salvo (0.108709ms)
✔ perfil técnico sem concessões não recebe obras ou usuários fictícios (0.105416ms)
✔ conta desativada, identidade divergente e perfil não aprovado fecham o contexto (0.106167ms)
✔ concessões malformadas e obras duplicadas não abrem contexto (0.861042ms)
✔ prévia na obra cadastrada continua temporária e preserva dados originais (3.232959ms)
✔ duas atuações Engenharia abrem visões diferentes sem ampliar obras ou módulos (0.180834ms)
✔ atuação forjada ou revogada não abre a visão da equipe (0.066042ms)
✔ dados salvos no cadastro alimentam o cartão da obra autorizada (0.09325ms)
(node:52186) [MODULE_TYPELESS_PACKAGE_JSON] Warning: Module type of file://<validation-copy>/src/lib/access/workspace-resources.ts is not specified and it doesn't parse as CommonJS.
Reparsing as ES module because module syntax was detected. This incurs a performance overhead.
To eliminate this warning, add "type": "module" to <validation-copy>/package.json.
(Use `node --trace-warnings ...` to show where the warning was created)
✔ opening Works loads neither agenda nor dashboard and keeps remote history enabled (1.49575ms)
✔ overview hydrates its complete calendar and aggregate, without fetching history (0.190792ms)
✔ agenda, auditor history and follow-up hydrate only agenda and preserve deep links (0.297917ms)
✔ coordination never opens the removed agenda or reports tabs (0.207542ms)
✔ administration opens reports or settings without agenda or dashboard (0.15875ms)
✔ action-plan deep link retains its exact publication read and invalid IDs do not query history (0.302875ms)
✔ development preview remains local and production query failures retain unavailable state (0.147167ms)
✔ missing workspace never loads operational data (0.156208ms)
✔ section resources preserve calendar-dependent engineering flows and skip unrelated sections (0.096042ms)
ℹ tests 388
ℹ suites 0
ℹ pass 388
ℹ fail 0
ℹ cancelled 0
ℹ skipped 0
ℹ todo 0
ℹ duration_ms 3269.151125
